
======================================================
       🎋 汉风西游OL · 全系统全模块自动化测试
======================================================

▶️ [测试 1] 储物背包与3孔宝石镶嵌系统
  ✅ [PASS] 背包装备分类过滤正确
  ✅ [PASS] 背包宝石分类过滤正确
  ✅ [PASS] 背包药品分类过滤正确
  ✅ [PASS] 装备手动穿戴成功
  ✅ [PASS] 装备第1孔镶嵌金刚石成功
  ✅ [PASS] 孔位记录金刚石
  ✅ [PASS] 抗物理普攻正确提升+5% (当前: 10%)
  ✅ [PASS] 装备第2孔镶嵌辟雷珠成功
  ✅ [PASS] 抗雷霆万钧提升至 6% (当前: 6%)
  ✅ [PASS] 装备第3孔镶嵌舍利子成功
  ✅ [PASS] 抗舍生取义提升+6% (当前: 11%)
  ✅ [PASS] 成功拆除第1孔宝石
  ✅ [PASS] 拆卸的宝石正确返还入背包
  ✅ [PASS] 拆卸后角色抗物理普攻恢复原值

▶️ [测试 2] 仙宠三大品质、学技转职与参战上限
  ✅ [PASS] Lv.10 玩家参战仙宠上限为 0 只
  ✅ [PASS] Lv.25 玩家参战仙宠上限为 1 只
  ✅ [PASS] Lv.45 玩家参战仙宠上限为 3 只
  ✅ [PASS] 普通仙宠初始无技能
  ✅ [PASS] 普通品质仙宠无法领悟绝技
  ✅ [PASS] 散仙未达 Lv.10 无法开启灵窍领悟技能
  ✅ [PASS] 散仙满 Lv.10 成功一键领悟神技并转职门派
  ✅ [PASS] 成功领悟绝技: 雷霆万钧
  ✅ [PASS] 成功转职三大门派之一: 妖魔
  ✅ [PASS] 妖魔门派专属抗雷霆万钧永久+5%
  ✅ [PASS] 金仙品质拥有超高成长率: 1.316
  ✅ [PASS] 金仙无视等级直接领悟顶级神技

▶️ [测试 3] 地图出入口、土地公偷桃返乡、长安定居与钱庄老医师
  ✅ [PASS] 存在刘家村地图
  ✅ [PASS] 存在长安城地图
  ✅ [PASS] 存在陈塘关地图
  ✅ [PASS] 存在东海之滨地图
  ✅ [PASS] 存在东海龙宫水晶宫地图
  ✅ [PASS] 存在东海龙宫大殿地图
  ✅ [PASS] 刘家村东侧包含土地公 NPC
  ✅ [PASS] 土地公具有蟠桃园传送与返乡对话配置
  ✅ [PASS] 长安城包含钱庄掌柜 NPC
  ✅ [PASS] 长安城包含济世堂老医师 NPC
  ✅ [PASS] 长安城包含户籍官 NPC
  ✅ [PASS] 钱庄成功存入 3000 两
  ✅ [PASS] 钱庄理财结算利息正确 (本息合: 3150两)
  ✅ [PASS] 钱庄成功取出 1500 两
  ✅ [PASS] 老医师 50两一键满血满精力回春成功
  ✅ [PASS] 成功定居长安城

▶️ [测试 4] 左右阵营战斗、①②③速度决序、仙宠替换残血保留与招降
  ✅ [PASS] 出战仙宠速度最快 (180)，序数为 ① (当前: 1)
  ✅ [PASS] 玩家速度第二 (~112)，序数为 ② (当前: 2)
  ✅ [PASS] 敌方灵猿速度第三 (50)，序数为 ③ (当前: 3)
  ✅ [PASS] 敌方野猪速度第四 (40)，序数为 ④ (当前: 4)
  ✅ [PASS] 玩家本尊不可替换，拦截生效
  ✅ [PASS] 出战仙宠成功替换为备战仙宠
  ✅ [PASS] 新上阵仙宠严格保留在背包中的生命值 800 (当前: 800)
  ✅ [PASS] 原仙宠保留原生命值 1200 (当前: 1200)
  ✅ [PASS] 招降散仙野怪无银葫芦被拒绝
  ✅ [PASS] 背包获得【紫竹银葫芦】
  ✅ [PASS] 使用紫竹银葫芦成功招降散仙野怪
  ✅ [PASS] 紫竹银葫芦消耗 1 个
  ✅ [PASS] 招降的散仙野怪成功收入随行仙宠列表

▶️ [测试 5] 技能熟练度飞升、自动升级与多目标扩展
  ✅ [PASS] 技能熟练度成功增加 (当前: 107)
  ✅ [PASS] 战斗中严格遵循神坛老祖授法铁律，绝不私自越级升级
  ✅ [PASS] 熟练度达到 1/5 门槛(1000点)由老祖点化晋升至 Lv.2 (当前: Lv.2)
  ✅ [PASS] 金刚护体 Lv.1 准确护持 1 名残血队友 (当前: 1人)
  ✅ [PASS] 金刚护体 Lv.2 准确护持 2 名队友 (当前: 2人)

▶️ [测试 6] 金柳露仙宠洗炼重铸系统 (洗宝宝)
  ✅ [PASS] 洗炼预览重置等级为 Lv.1 幼年状态
  ✅ [PASS] 生成全新的洗炼成长率: 1.144
  ✅ [PASS] 生成全新的五维资质
  ✅ [PASS] 仙宠成功重置为 Lv.1 幼年宝宝
  ✅ [PASS] 仙宠成功替换为新成长率
  ✅ [PASS] 洗炼后仙宠气血自动补满巅峰状态

▶️ [测试 7] 李铁匠神兵天成装备打造与强化系统
  ✅ [PASS] 装备成功强化升星至 +1
  ✅ [PASS] 装备强化后角色攻击力显著提升 (原: 931 -> 现: 988)
  ✅ [PASS] 强化材料正确扣除 1 颗
  ✅ [PASS] 强化银两正确扣减

▶️ [测试 8] 东海龙宫深海试炼与定海神针奖励
  ✅ [PASS] 道具库存在【定海神针铁·仿】
  ✅ [PASS] 道具库存在【避水神珠】
  ✅ [PASS] 道具库存在【金柳露】
  ✅ [PASS] 道具库存在【天外陨铁】
  ✅ [PASS] 深海试炼获胜正确收入【定海神针铁·仿】
  ✅ [PASS] 深海试炼获胜正确收入【避水神珠】
  ✅ [PASS] 深海试炼获胜正确收入金仙法宝【紫金红葫芦】

▶️ [测试 9] 钟馗降妖除魔令 (日常抓鬼环任务)
  ✅ [PASS] 成功接取钟馗降妖除魔令
  ✅ [PASS] 任务目标为迷途黑山恶鬼
  ✅ [PASS] 成功击杀恶鬼，任务标记为待领赏
  ✅ [PASS] 抓鬼任务结算获得 3500 点修为经验
  ✅ [PASS] 抓鬼任务结算获得 2000 两银两
  ✅ [PASS] 抓鬼任务成功获得仙家圣水【金柳露】*1

▶️ [测试 10] 任务卷轴追踪与小地图全场景目标点
  ✅ [PASS] 鹰愁涧成功指示目标: 西海龙三太子小白龙
  ✅ [PASS] 高老庄成功指示目标: 高太公 / 猪八戒
  ✅ [PASS] 东海龙宫大殿成功指示目标: 东海龙王敖广
  ✅ [PASS] 白虎岭第一重画皮正确指示目标: 送斋饭的村姑
  ✅ [PASS] 宝象国初入城正确指示目标: 宝象国国王
  ✅ [PASS] 灵台方寸山成功指示目标: 菩提祖师
  ✅ [PASS] 南海落伽山成功指示目标: 观世音菩萨

▶️ [测试 11] 魔兽要诀打书与被动神技系统
  ✅ [PASS] 新建仙宠初始被动槽位为空
  ✅ [PASS] 成功研习【魔兽要诀·高级必杀】
  ✅ [PASS] 仙宠成功掌握【高级必杀】
  ✅ [PASS] 成功研习【魔兽要诀·高级吸血】
  ✅ [PASS] 仙宠成功掌握【高级吸血】
  ✅ [PASS] 成功研习【魔兽要诀·高级神佑】
  ✅ [PASS] 仙宠成功掌握【高级神佑复生】
  ✅ [PASS] 成功研习【魔兽要诀·高级敏捷】
  ✅ [PASS] 高级敏捷速度+30点生效 (原: 120 -> 现: 150)
  ✅ [PASS] 重复研习相同要诀被正确拦截

▶️ [测试 12] 大唐镖局运镖押运与白骨岭/宝象国神装
  ✅ [PASS] 道具库存在白骨岭战利品【千年白骨幽魂戒】
  ✅ [PASS] 白骨戒全抗性+8%加成正确
  ✅ [PASS] 道具库存在宝象国战利品神兵【冷月追魂宝刀】
  ✅ [PASS] 冷月宝刀物理攻击+195正确
  ✅ [PASS] 玩家持有足够押金
  ✅ [PASS] 成功领得【大唐朝廷军饷镖银】凭信
  ✅ [PASS] 押金1000两正确扣除
  ✅ [PASS] 镖银凭信正确扣减交付
  ✅ [PASS] 押镖完成：全额返还押金1000两并追加赏银3500两 (当前: 8500两)
  ✅ [PASS] 押镖完成获得 4000 修行经验
  ✅ [PASS] 押镖圆满赏赐稀世【魔兽要诀·高级必杀】*1

▶️ [测试 13] 感叹号交互后消除、野怪生态分布与实体仙桃采摘
  ✅ [PASS] NPC 初始具有金色感叹号
  ✅ [PASS] NPC 交互后头顶感叹号立即消除
  ✅ [PASS] 已交互记录正确存储入集合
  ✅ [PASS] 长安城为王都安全城区，绝对无野怪
  ✅ [PASS] 刘家村配置有偷粮硕鼠野怪
  ✅ [PASS] 刘家村严格只有硕鼠野怪，绝无野猪恶狼猛虎
  ✅ [PASS] 五行山配置有盘石小青蛇野怪
  ✅ [PASS] 五行山配置有巡山小野狐野怪
  ✅ [PASS] 五行山配置有百年枯树精野怪
  ✅ [PASS] 鹰愁涧配置有黑风强盗野怪
  ✅ [PASS] 鹰愁涧配置有蛇盘山恶霸野怪
  ✅ [PASS] 陈塘关配置有灵河巨蚌野怪
  ✅ [PASS] 陈塘关配置有铁甲金蟹野怪
  ✅ [PASS] 东海之滨配置有巡海虾兵野怪
  ✅ [PASS] 东海之滨配置有赤甲蟹兵野怪
  ✅ [PASS] 陈塘关西门直通【野狐岭 (20级练功场)】
  ✅ [PASS] 野狐岭北行深入【郊狼岭 (25级练功场)】
  ✅ [PASS] 郊狼岭北行深入【万妖魔窟·黑风绝壁 (30级+练功场)】
  ✅ [PASS] 蟠桃胜境中配置了多株大仙桃树实体
  ✅ [PASS] 场景中存在九千年一熟绝品蟠桃神树
  ✅ [PASS] 成功确认采摘并吞服仙桃
  ✅ [PASS] 九千年仙桃提供万点浩瀚经验
  ✅ [PASS] 吞服仙桃后等级成功飞速晋升
  ✅ [PASS] 仙树品级信息准确
  ✅ [PASS] 野怪初始处于休整驻足状态
  ✅ [PASS] 野怪成功平滑切换至行走漫步状态
  ✅ [PASS] 野怪获得了自然漫步移动向量

▶️ [测试 14] 怪物国风体系、全新战斗数值法则与移速80%测试
  ✅ [PASS] 怪物名称【偷粮硕鼠】正确识别为独立国风分类: rat
  ✅ [PASS] 怪物名称【山林小野猪】正确识别为独立国风分类: pig
  ✅ [PASS] 怪物名称【盘石小青蛇】正确识别为独立国风分类: snake
  ✅ [PASS] 怪物名称【巡山小野狐】正确识别为独立国风分类: fox
  ✅ [PASS] 怪物名称【灵河巨蚌】正确识别为独立国风分类: clam
  ✅ [PASS] 怪物名称【铁甲金蟹】正确识别为独立国风分类: crab
  ✅ [PASS] 怪物名称【黑风强盗】正确识别为独立国风分类: bandit
  ✅ [PASS] 怪物名称【蛇盘山恶霸】正确识别为独立国风分类: bandit
  ✅ [PASS] 怪物名称【巡海虾兵】正确识别为独立国风分类: shrimp
  ✅ [PASS] 怪物名称【狂暴郊狼】正确识别为独立国风分类: wolf
  ✅ [PASS] 怪物名称【黑风山黑熊精】正确识别为独立国风分类: bear
  ✅ [PASS] 怪物名称【白骨夫人】正确识别为独立国风分类: baigu_jing
  ✅ [PASS] 怪物名称【花果山神猿】正确识别为独立国风分类: ape
  ✅ [PASS] 防御高于攻击时保底造成 1 点伤害 (实际造成: 1)
  ✅ [PASS] 未触发闪避
  ✅ [PASS] 暴击命中判定成功
  ✅ [PASS] 暴击造成精准 1.5 倍伤害: 100 * 1.5 = 150
  ✅ [PASS] 连击成功触发，连击次数: 3
  ✅ [PASS] 第二次连击伤害为首次减半: 100 -> 50
  ✅ [PASS] 第三次连击伤害为第二次减半: 50 -> 25
  ✅ [PASS] 致命一击触发
  ✅ [PASS] 普通目标致命一击穿透造成 20% 最大生命真伤: 800 * 0.2 = 160
  ✅ [PASS] Boss 致命一击触发
  ✅ [PASS] Boss 目标致命一击穿透造成 8% 最大生命真伤: 2000 * 0.08 = 160
  ✅ [PASS] 闪避触发成功
  ✅ [PASS] 闪避后伤害完全归 0
  ✅ [PASS] 闪避彻底打断后续连击
  ✅ [PASS] 伤害在 ±10% 范围内自然浮动 (实测区间: [90, 109])
  ✅ [PASS] 友方未全员确认时 isAllAlliesReady 为 false
  ✅ [PASS] 只有一人确认时仍为未就绪
  ✅ [PASS] 全员就绪后 isAllAlliesReady 返回 true，触发打斗
  ✅ [PASS] 角色基准移速提升至畅快疾行 (现: 3.8)
  ✅ [PASS] 野怪移速保持平缓稳健节奏

▶️ [测试 15] 陈塘关海滨金沙滩重构、海怪生态与全图等级限制门禁系统
  ✅ [PASS] 陈塘关地图配置存在
  ✅ [PASS] 陈塘关右侧1/5(列>=21)为浩瀚东海海水 (水瓦片数: 168)
  ✅ [PASS] 陈塘关其余大部分为海滨金沙滩 (金沙瓦片数: 488)
  ✅ [PASS] 陈塘关部署有地痞混混野怪
  ✅ [PASS] 陈塘关部署有海滨灵河巨蚌 (河蚌)
  ✅ [PASS] 陈塘关部署有潮滩金蟹 (螃蟹)
  ✅ [PASS] 陈塘关已彻底移除龙虾，严格符合原著
  ✅ [PASS] 混混正确匹配为 hooligan 功夫地痞模型
  ✅ [PASS] 长安城进入陈塘关门禁为 Lv.15
  ✅ [PASS] 20级练功点野狐岭进入门禁为 Lv.18
  ✅ [PASS] 25级练功点郊狼岭进入门禁为 Lv.20
  ✅ [PASS] 30级+黑风绝壁进入门禁为 Lv.25
  ✅ [PASS] 五行山进入门禁为 Lv.5
  ✅ [PASS] 陈塘关返回长安城无限制，玩家随时可返乡
  ✅ [PASS] 黑风绝壁返回郊狼岭无限制
  ✅ [PASS] 玩家 Lv.15 尝试进入 Lv.20 练功点被成功拦截
  ✅ [PASS] 玩家 Lv.22 达到要求，顺利准入

▶️ [测试 16] 市井NPC风貌拓展、window.confirm安全代理与界面自适应
  ✅ [PASS] 陈塘关成功部署【海滨老渔翁】NPC
  ✅ [PASS] 老渔翁配置了专属指引对话
  ✅ [PASS] 老渔翁剧情对话内容丰富完整
  ✅ [PASS] 长安城成功部署【茶肆阿婆】NPC
  ✅ [PASS] 茶肆阿婆品茶对话配置生效
  ✅ [PASS] 玩家初始气血处于残血状态
  ✅ [PASS] 品尝灵泉龙井茶后气血与法力全部回满
  ✅ [PASS] window.alert被成功拦截并转化为国风Message
  ✅ [PASS] window.confirm被成功代理至国风二次确认弹窗
  ✅ [PASS] window.confirm在无阻塞模式下安全返回true

▶️ [测试 17] 西游原著主线全地图闭环、专属模型与长安NPC去重
  ✅ [PASS] 吊睛白额猛虎正确识别为 tiger 猛虎模型，绝非龙虾
  ✅ [PASS] 黑风洞黑熊精正确识别为 bear 魁梧玄甲黑熊怪模型
  ✅ [PASS] 圣婴大王红孩儿正确识别为 honghaier 三昧真火小战神模型
  ✅ [PASS] 平天大圣牛魔王正确识别为 bull_demon 冲天金角妖王模型
  ✅ [PASS] 百年枯树精正确识别为 tree 苍劲古木模型
  ✅ [PASS] 巡山小野狐正确识别为 fox 灵狐模型
  ✅ [PASS] 长安城NPC模型高度丰富多元 (独立外观数: 15)，杜绝千篇一律
  ✅ [PASS] 主线地图【两界山·五行山】传送门畅通直达【yingchoujian】
  ✅ [PASS] 主线地图【蛇盘山·鹰愁涧】传送门畅通直达【heifengshan】
  ✅ [PASS] 主线地图【黑风山·观音禅院】传送门畅通直达【gaolaozhuang】
  ✅ [PASS] 主线地图【乌斯藏·高老庄与云栈洞】传送门畅通直达【huangfengling】
  ✅ [PASS] 主线地图【八百里·黄风岭】传送门畅通直达【futushan】
  ✅ [PASS] 主线地图【浮屠山·乌巢禅林】传送门畅通直达【liushahe】
  ✅ [PASS] 主线地图【八百里·流沙河】传送门畅通直达【wuzhuangguan】
  ✅ [PASS] 主线地图【万寿山·五庄观】传送门畅通直达【baihuling】
  ✅ [PASS] 主线地图【白虎岭·白骨洞】传送门畅通直达【baoxiangguo】
  ✅ [PASS] 主线地图【宝象国·王都与波月洞】传送门畅通直达【pingdingshan】
  ✅ [PASS] 主线地图【平顶山·莲花洞】传送门畅通直达【huoyundong】
  ✅ [PASS] 主线地图【号山·枯松涧火云洞】传送门畅通直达【poerdong】
  ✅ [PASS] 主线地图【解阳山·破儿洞聚仙庵】传送门畅通直达【chediguo】
  ✅ [PASS] 主线地图【车迟国·三清道观】传送门畅通直达【tongtianhe】
  ✅ [PASS] 主线地图【八百里·通天河】传送门畅通直达【huoyanshan】
  ✅ [PASS] 主线地图【八百里·火焰山·芭蕉洞】传送门畅通直达【pansidong】
  ✅ [PASS] 主线地图【盘丝岭·盘丝洞·黄花观】传送门畅通直达【shituoling】
  ✅ [PASS] 主线地图【八百里·狮驼岭·狮驼国】传送门畅通直达【daleiyinsi】
  ✅ [PASS] 大雷音寺功德圆满，传送门直回东土大唐长安城

▶️ [测试 18] 1.5倍地图规格、实体安全落脚、小白龙专属神相与双怪生态
  ✅ [PASS] 除长安城外全部 36 张场景尺寸均为 1.5 倍广阔大地图 (38x28)
  ✅ [PASS] 全场景所有 NPC 与野怪均安全落在可行走地面上，零实体卡死
  ✅ [PASS] 鹰愁涧成功部署西海龙三太子·小白龙敖烈
  ✅ [PASS] 小白龙敖烈外观标识为 xiaobailong
  ✅ [PASS] 小白龙敖烈安全伫立于寒潭之畔大道上，绝非深陷不可通行水底
  ✅ [PASS] 小白龙敖烈正确分发至【专属西海龙太子仙相】，彻底根除被错画为龙虾的缺陷！
  ✅ [PASS] 五行山青蛇野怪配置为 2 条
  ✅ [PASS] 五行山野狐野怪配置为 2 只
  ✅ [PASS] 五行山枯树精野怪配置为 4 株 (满足砍柴伐木任务需求)
  ✅ [PASS] 鹰愁涧黑风强盗配置为 2 个
  ✅ [PASS] 鹰愁涧蛇盘山恶霸配置为 2 个
  ✅ [PASS] 鹰愁涧寒潭黑水玄蛇配置为 2 条
  ✅ [PASS] 玩家凡间探索形象【mortal_wanderer】正确分发至全新太清玄剑修真少侠模型

▶️ [测试 19] 玩家安全落脚保证、主线NPC剧情可见性过滤、怪物深度递增与一键重新开始
  ✅ [PASS] 原测试点位于寒潭深水非可行走区
  ✅ [PASS] 非可行走坐标已被自动矫正至安全平地: (16, 3) [grass]
[SafeSpawn] 检测到目标坐标 (18, 5) 不可行走，触发地脉神行自动矫正...
  ✅ [PASS] 刚坠落凡间阶段刘伯钦可见
  ✅ [PASS] 刚坠落凡间阶段鹰愁涧唐僧不可见
  ✅ [PASS] 刚坠落凡间阶段鹰愁涧小白龙不可见
  ✅ [PASS] 刚坠落凡间阶段五行山被压孙悟空尚未触发
  ✅ [PASS] 到达五行山阶段被压孙悟空显圣可见
  ✅ [PASS] 到达五行山阶段鹰愁涧小白龙仍不可见
  ✅ [PASS] 大圣脱困后唐僧正式抵达鹰愁涧
  ✅ [PASS] 大圣脱困后小白龙敖烈正式显圣迎战
  ✅ [PASS] 大圣破封脱困后压帖孙悟空消失归队
  ✅ [PASS] 鹰愁涧阶段高老庄猪八戒尚未到达
  ✅ [PASS] 收服白龙马后高老庄猪八戒正式登场
  ✅ [PASS] 鹰愁涧怪物血量高于五行山: 1500 > 480
  ✅ [PASS] 黑风山怪物血量高于鹰愁涧: 2800 > 1500
  ✅ [PASS] 高老庄怪物血量高于黑风山: 4500 > 2800
  ✅ [PASS] 黄风岭怪物血量高于高老庄: 6200 > 4500
  ✅ [PASS] 流沙河怪物血量高于黄风岭: 12500 > 6200
  ✅ [PASS] 白虎岭怪物血量高于流沙河: 28000 > 12500
  ✅ [PASS] 狮驼岭绝妖怪物血量远超白虎岭: 440000 > 28000
  ✅ [PASS] 鹰愁涧强盗单次重创 (135) 足以秒杀 Lv.1 冒失玩家，确保深度探索难度
  ✅ [PASS] App2D 挂载有 restartGame 重新开篇接口
  ✅ [PASS] 天宫地图【tiangong_palace】配置完备
  ✅ [PASS] 天宫序章太白金星显圣可见
  ✅ [PASS] 天宫序章托塔李天王显圣可见
  ✅ [PASS] 花果山总决战齐天大圣孙悟空在花果山主山显圣决战
  ✅ [PASS] 二郎神擒大圣后押解回天宫凌霄殿受审
  ✅ [PASS] 凡间阶段天宫大闹孙悟空已退场
  ✅ [PASS] 游戏开局与重置初始化默认进入天宫凌霄与南天门【tiangong_palace】
  ✅ [PASS] 游戏开局与重置初始化主线阶段为天宫序章【heaven_prologue】
  ✅ [PASS] 游戏开局与重置初始化角色为【威灵大将】
  ✅ [PASS] 游戏开局与重置初始化角色外观为金甲神将【heaven_general】
  ✅ [PASS] 游戏开局实体外观为天界金甲神将【heaven_general】

▶️ [测试 20] 天宫序章三大因缘事件、凡间传送门绝对剥离与NPC感叹号治理
  ✅ [PASS] 天宫【tiangong_palace】绝对杜绝通往【大唐长安】的传送门，彻底符合世界观
  ✅ [PASS] 天宫南天门与蟠桃胜境保持天界内部闭环互通
  ✅ [PASS] 蟠桃胜境与南天门保持天界内部闭环互通
  ✅ [PASS] 【因缘开篇】太白金星蟠桃胜会值守指引剧本完备
  ✅ [PASS] 【因缘事件一】天蓬元帅醉酒调戏嫦娥战斗及王母贬猪胎剧本完备
  ✅ [PASS] 【因缘事件二】卷帘大将殿前碎琉璃盏、威灵大将求情免死剧本完备
  ✅ [PASS] 【因缘事件三】围剿花果山巨灵神趁人之危屠杀猴群、大将拔枪护猴剧本完备
  ✅ [PASS] 【因缘后续】战胜巨灵神保全小猴，齐天大圣感佩大义剧本完备
  ✅ [PASS] 【总决战】花果山水帘洞四天将合围大圣决战剧本完备
  ✅ [PASS] 【集体贬落凡尘】花果山杨戬生擒大圣、天宫凌霄殿宣旨贬落凡尘刘家村剧本完备
  ✅ [PASS] App2D 挂载有大义护猴决战巨灵神战斗接口 (triggerJulingBattle)
  ✅ [PASS] App2D 挂载有花果山大圣决战切磋比武接口 (triggerWukongSparBattle)
  ✅ [PASS] App2D 挂载有因缘推进实时刷新地图NPC与感叹号接口 (refreshMapNpcs)
  ✅ [PASS] 开局阶段天蓬元帅显圣
  ✅ [PASS] 开局阶段嫦娥仙子显圣
  ✅ [PASS] 解救嫦娥后卷帘大将奉酒登场
  ✅ [PASS] 水帘洞拯救小猴阶段巨灵神现身
  ✅ [PASS] 水帘洞受困小猴登场待救
  ✅ [PASS] 大圣被擒解往天宫凌霄殿听旨发落
  ✅ [PASS] 贬落凡间后天宫NPC npc_tianpeng 彻底隐退
  ✅ [PASS] 贬落凡间后天宫NPC npc_change 彻底隐退
  ✅ [PASS] 贬落凡间后天宫NPC npc_juanlian 彻底隐退
  ✅ [PASS] 贬落凡间后天宫NPC npc_juling_shen 彻底隐退
  ✅ [PASS] 贬落凡间后天宫NPC npc_huaguo_monkey 彻底隐退
  ✅ [PASS] 贬落凡间后天宫NPC npc_wukong_heaven 彻底隐退
  ✅ [PASS] 贬落凡间后天宫NPC npc_yangjian 彻底隐退
  ✅ [PASS] 市井闲聊NPC【苏绣娘】头顶绝无感叹号
  ✅ [PASS] 市井闲聊NPC【杜书生】头顶绝无感叹号
  ✅ [PASS] 市井闲聊NPC【货郎阿福】头顶绝无感叹号
  ✅ [PASS] 市井闲聊NPC【小虎】头顶绝无感叹号
  ✅ [PASS] 市井闲聊NPC【金甲禁军】头顶绝无感叹号

▶️ [测试 21] 花果山与水帘洞新场景、序章四大战斗链路及四人凡间分布因果闭环
  ✅ [PASS] 东胜神洲·花果山为 1.5 倍广阔大地图 (38x28)
  ✅ [PASS] 花果山·水帘洞为 1.5 倍广阔大地图 (38x28)
  ✅ [PASS] 花果山瀑布传送门直通水帘洞
  ✅ [PASS] 水帘洞传送门直通花果山
  ✅ [PASS] 挂载天蓬元帅醉酒战斗接口 (triggerTianpengBattle)
  ✅ [PASS] 挂载赤毛马猴切磋战斗接口 (triggerChimaoBattle)
  ✅ [PASS] 挂载水帘洞大战先锋巨灵神救猴接口 (triggerJulingBattle)
  ✅ [PASS] 挂载花果山水帘洞四天将大阵大战大圣接口 (triggerWukongHavocBattle)
  ✅ [PASS] 打天蓬元帅时随从强制清空，只有大将一人单挑醉酒天蓬
  ✅ [PASS] 威灵大将Lv.50普攻伤害 (360)，恰好 3 回合制伏醉酒天蓬
  ✅ [PASS] 花果山决战大圣处于神威极境，伤害 (99799) 一击秒杀天将
  ✅ [PASS] 凡间起点：玩家在双叉岭刘家村醒来，刘伯钦显圣
  ✅ [PASS] 刚坠落凡间阶段五行山被压孙悟空不可见
  ✅ [PASS] 刚坠落凡间阶段高老庄猪八戒绝不出现
  ✅ [PASS] 刚坠落凡间阶段流沙河沙悟净绝不出现
  ✅ [PASS] 主线到达五行山时：孙悟空五行山下显圣
  ✅ [PASS] 主线收服白龙马后：高老庄猪八戒正式显圣
  ✅ [PASS] 主线平息黄风岭后：流沙河沙僧正式显圣
  ✅ [PASS] 花果山神将对话选项推进 storyPhase 为 heaven_huaguoshan_shuilien
  ✅ [PASS] 花果山神将对话完成后不强制自动 loadMap，保留玩家向北自主穿行飞瀑探索乐趣
  ✅ [PASS] 水帘洞天兵飞报对话选项推进 storyPhase 为 heaven_final_wukong
  ✅ [PASS] 水帘洞战罢不强制自动 loadMap，保留玩家向南自主穿过传送门回到花果山
  ✅ [PASS] 普攻指定阵亡目标(index 0)时自动智能切靶重定向至存活目标(index 1)
  ✅ [PASS] 存活目标生命值扣减，未将伤害浪费在阵亡单位上
  ✅ [PASS] 仙宠参战出列
  ✅ [PASS] 仙宠施放天雷引扣除15点精力
  ✅ [PASS] 通用法术保底结算造成法术伤害
  ✅ [PASS] 绝技步骤回调正常触发法术飘字，战斗演武绝对不卡死

▶️ [测试 22] 主线感叹号唯一制、采蘑菇伐木除害、夜叉龙王赠装与西行启程
  ✅ [PASS] 新增任务道具【野生青蘑菇】完备
  ✅ [PASS] 新增任务道具【坚韧柴木】完备
  ✅ [PASS] 龙宫初级套装【覆海点钢枪】完备
  ✅ [PASS] 龙宫初级套装【龙鳞轻钢甲】完备
  ✅ [PASS] 龙宫初级套装【碧水定海盔】完备
  ✅ [PASS] 龙宫初级套装【踏浪穿云靴】完备
  ✅ [PASS] 龙宫初级套装【龙珠凝霜佩】完备
  ✅ [PASS] 刘家村部署 4 朵【野生青蘑菇】实体
  ✅ [PASS] 刘家村部署 4 只【偷粮硕鼠】野怪
  ✅ [PASS] 五行山部署 4 株【百年枯树精】野怪
  ✅ [PASS] App2D 挂载有采摘蘑菇方法 (collectMushroom)
  ✅ [PASS] 采摘 1 朵青蘑菇，计数累加为 1
  ✅ [PASS] 采摘 2 朵青蘑菇，计数累加为 2
  ✅ [PASS] 采齐 2 朵蘑菇后，主线自动推进至【liujiacun_mushrooms_collected】
  ✅ [PASS] 东海之滨部署【巡海夜叉·李艮】
  ✅ [PASS] 东海之滨部署【东海龙王敖广】
  ✅ [PASS] 东海龙宫大殿部署【东海龙王敖广】
  ✅ [PASS] App2D 挂载有巡海夜叉战斗接口 (triggerYechaBattle)
  ✅ [PASS] App2D 挂载有龙王宝库赠装接口 (grantLonggongArmorSet)
  ✅ [PASS] 玩家自动装备【覆海点钢枪】
  ✅ [PASS] 玩家自动装备【龙鳞轻钢甲】
  ✅ [PASS] 玩家自动装备【碧水定海盔】
  ✅ [PASS] 玩家自动装备【踏浪穿云靴】
  ✅ [PASS] 玩家自动装备【龙珠凝霜佩】
  ✅ [PASS] 整套龙神战装上身，攻防战力显著飞跃
  ✅ [PASS] 陈塘关部署【观世音菩萨】显圣点化
  ✅ [PASS] 长安城金銮宝殿顶部部署【唐太宗·李世民】
  ✅ [PASS] 长安城西门部署【刘伯钦 (送行)】
  ✅ [PASS] 刘家村蘑菇做饭、砍柴做饭与除鼠酬谢剧本完备
  ✅ [PASS] 战夜叉、龙王惊骇赔罪与龙宫宝库赠装剧本完备
  ✅ [PASS] 陈塘关观音菩萨显圣点化前世与西行宿命剧本完备
  ✅ [PASS] 唐太宗殿前授文牒与刘伯钦城门送行剧本完备
  ✅ [PASS] 阶段【heaven_prologue】地图【tiangong_palace】有且仅有 1 位 NPC 拥有金色感叹号 (实际数量: 1)
  ✅ [PASS] 阶段【heaven_prologue】拥有感叹号的 NPC 必须为指定唯一接引人【npc_taibai】
  ✅ [PASS] 阶段【heaven_pantao_start】地图【tiangong_palace】有且仅有 1 位 NPC 拥有金色感叹号 (实际数量: 1)
  ✅ [PASS] 阶段【heaven_pantao_start】拥有感叹号的 NPC 必须为指定唯一接引人【npc_tianpeng】
  ✅ [PASS] 阶段【heaven_saved_change】地图【tiangong_palace】有且仅有 1 位 NPC 拥有金色感叹号 (实际数量: 1)
  ✅ [PASS] 阶段【heaven_saved_change】拥有感叹号的 NPC 必须为指定唯一接引人【npc_juanlian】
  ✅ [PASS] 阶段【heaven_huaguoshan】地图【huaguoshan】有且仅有 1 位 NPC 拥有金色感叹号 (实际数量: 1)
  ✅ [PASS] 阶段【heaven_huaguoshan】拥有感叹号的 NPC 必须为指定唯一接引人【npc_tianbing_scout】
  ✅ [PASS] 阶段【heaven_huaguoshan_shuilien】地图【huaguoshan_shuilien】有且仅有 1 位 NPC 拥有金色感叹号 (实际数量: 1)
  ✅ [PASS] 阶段【heaven_huaguoshan_shuilien】拥有感叹号的 NPC 必须为指定唯一接引人【npc_chimao_mahou】
  ✅ [PASS] 阶段【heaven_huaguoshan_rescue】地图【huaguoshan_shuilien】有且仅有 1 位 NPC 拥有金色感叹号 (实际数量: 1)
  ✅ [PASS] 阶段【heaven_huaguoshan_rescue】拥有感叹号的 NPC 必须为指定唯一接引人【npc_juling_shen】
  ✅ [PASS] 阶段【heaven_final_wukong】地图【huaguoshan】有且仅有 1 位 NPC 拥有金色感叹号 (实际数量: 1)
  ✅ [PASS] 阶段【heaven_final_wukong】拥有感叹号的 NPC 必须为指定唯一接引人【npc_wukong_huaguo】
  ✅ [PASS] 阶段【liujiacun_start】地图【liujiacun】有且仅有 1 位 NPC 拥有金色感叹号 (实际数量: 1)
  ✅ [PASS] 阶段【liujiacun_start】拥有感叹号的 NPC 必须为指定唯一接引人【npc_liuboqin】
  ✅ [PASS] 阶段【liujiacun_mushrooms_collected】地图【liujiacun】有且仅有 1 位 NPC 拥有金色感叹号 (实际数量: 1)
  ✅ [PASS] 阶段【liujiacun_mushrooms_collected】拥有感叹号的 NPC 必须为指定唯一接引人【npc_liuboqin】
  ✅ [PASS] 阶段【donghai_yecha_ready】地图【donghai_coast】有且仅有 1 位 NPC 拥有金色感叹号 (实际数量: 1)
  ✅ [PASS] 阶段【donghai_yecha_ready】拥有感叹号的 NPC 必须为指定唯一接引人【npc_yecha】
  ✅ [PASS] 阶段【donghai_dragon_arrived】地图【donghai_coast】有且仅有 1 位 NPC 拥有金色感叹号 (实际数量: 1)
  ✅ [PASS] 阶段【donghai_dragon_arrived】拥有感叹号的 NPC 必须为指定唯一接引人【npc_aoguang_coast】
  ✅ [PASS] 阶段【longgong_visit】地图【longgong_palace】有且仅有 1 位 NPC 拥有金色感叹号 (实际数量: 1)
  ✅ [PASS] 阶段【longgong_visit】拥有感叹号的 NPC 必须为指定唯一接引人【npc_aoguang】
  ✅ [PASS] 阶段【chentang_guanyin_revelation】地图【chentangguan】有且仅有 1 位 NPC 拥有金色感叹号 (实际数量: 1)
  ✅ [PASS] 阶段【chentang_guanyin_revelation】拥有感叹号的 NPC 必须为指定唯一接引人【npc_guanyin_pu_sa】
  ✅ [PASS] 阶段【changan_meet_xuanzang】地图【changan_city】有且仅有 1 位 NPC 拥有金色感叹号 (实际数量: 1)
  ✅ [PASS] 阶段【changan_meet_xuanzang】拥有感叹号的 NPC 必须为指定唯一接引人【npc_xuanzang】
  ✅ [PASS] 阶段【changan_meet_taizong】地图【changan_city】有且仅有 1 位 NPC 拥有金色感叹号 (实际数量: 1)
  ✅ [PASS] 阶段【changan_meet_taizong】拥有感叹号的 NPC 必须为指定唯一接引人【npc_tangtaizong】
  ✅ [PASS] 阶段【changan_farewell】地图【changan_city】有且仅有 1 位 NPC 拥有金色感叹号 (实际数量: 1)
  ✅ [PASS] 阶段【changan_farewell】拥有感叹号的 NPC 必须为指定唯一接引人【npc_liuboqin_changan】
  ✅ [PASS] 阶段【wuxingshan_ready】地图【wuxingshan】有且仅有 1 位 NPC 拥有金色感叹号 (实际数量: 1)
  ✅ [PASS] 阶段【wuxingshan_ready】拥有感叹号的 NPC 必须为指定唯一接引人【npc_wukong_sealed】

▶️ [测试 23] 角色与怪物战斗模型1:1一致化、地图建筑扩建与五行山死循环根治
  ✅ [PASS] 天宫序章大地图天蓬元帅外观为【tianpeng_marshal】(绝非凡间猪八戒)
  ✅ [PASS] 太白金星使用独立星官模型，不再复用唐僧袈裟模型
  ✅ [PASS] 嫦娥仙子使用独立广寒月神模型，不再复用七仙女套型
  ✅ [PASS] 卷帘大将使用天庭御前武将模型，不提前套用流沙河沙悟净形态
  ✅ [PASS] 水帘洞大地图巨灵神外观为【juling_shen】(绝非牛魔王)
  ✅ [PASS] 水帘洞大地图赤毛马猴外观为【chimao_mahou】(绝非齐天大圣)
  ✅ [PASS] 花果山小石猴外观为【stone_monkey】(绝非齐天大圣)
  ✅ [PASS] CharacterRenderer 挂载天蓬元帅神将绘制方法
  ✅ [PASS] CharacterRenderer 挂载太白金星星官绘制方法
  ✅ [PASS] CharacterRenderer 挂载嫦娥广寒月神绘制方法
  ✅ [PASS] CharacterRenderer 挂载卷帘大将御前甲绘制方法
  ✅ [PASS] CharacterRenderer 挂载巨灵神双斧神将绘制方法
  ✅ [PASS] CharacterRenderer 挂载赤毛马猴战将绘制方法
  ✅ [PASS] CharacterRenderer 挂载花果山小石猴绘制方法
  ✅ [PASS] CharacterRenderer 挂载东海巡海夜叉绘制方法
  ✅ [PASS] 高老庄具备双层厚重围墙结构 (city_wall: 150 格)
  ✅ [PASS] 高老庄具备迎客正堂大宅 (tang_palace: 30 格)
  ✅ [PASS] 高老庄具备东厢房闺楼与西客舍 (tang_store: 32 格)
  ✅ [PASS] 高老庄铺设典雅青石院落地坪 (manor_floor: 399 格)
  ✅ [PASS] 刘家村具备大小农舍与粮舍木屋 (hut_wall: 48 格)
  ✅ [PASS] 刘家村具备庭院菜园木栅栏 (wooden_barricade: 79 格)
  ✅ [PASS] 五行山具备连绵五指插天绝壁巨峰 (mountain_rock: 82 格)
  ✅ [PASS] 五行山山道旁巍然屹立【两界界碑】
  ✅ [PASS] 砍柴伐木阶段五行山被压孙悟空绝对不可见 (严防时空穿透)
  ✅ [PASS] 砍柴伐木阶段站在金符处绝对不触发揭符对话 (严格剧情门禁)
  ✅ [PASS] 西行正式启程后五行山被压孙悟空正式显圣
  ✅ [PASS] 西行正式启程后站在金符处成功触发揭符事件
  ✅ [PASS] 防重入锁生效，每帧update绝对不重复弹出或重置对话
  ✅ [PASS] 揭下金符后 isSealTriggered 锁定为 true
  ✅ [PASS] 金帖化光飞升，瓦片即时替换为普通山石

▶️ [测试 24] 剧情对话点击交互引擎（框内继续 vs 框外场景解除走完流程）
  ✅ [PASS] Dialogue 引擎单例初始化成功
  ✅ [PASS] Dialogue 挂载 next 继续对话方法
  ✅ [PASS] Dialogue 挂载 chooseOption 分支选择方法
  ✅ [PASS] Dialogue 挂载 close 彻底关闭方法
  ✅ [PASS] Dialogue 挂载 completeAllAndClose 解除并走完流程方法
  ✅ [PASS] Dialogue 成功开启对话
  ✅ [PASS] 对话当前处于第 0 步
  ✅ [PASS] 初始进入打字机播报状态
  ✅ [PASS] 打字中点击对话框内：快进完成，文本全部展现
  ✅ [PASS] 快进文字时当前步骤 action 暂不触发
  ✅ [PASS] 点击对话框内继续：触发第 0 步 action
  ✅ [PASS] 对话平滑推进到第 1 步
  ✅ [PASS] 第 1 步打字快进完成
  ✅ [PASS] 最后一步点击触发第 1 步 action
  ✅ [PASS] 对话自然走完，触发 onCompleteCallback
  ✅ [PASS] 对话自然关闭，状态已重置
  ✅ [PASS] 主线对话成功开启
  ✅ [PASS] 当前停留在第 0 步打字
  ✅ [PASS] 点击场景后对话框立即解除关闭
  ✅ [PASS] 走完流程：当前第 0 步 action 成功结算
  ✅ [PASS] 走完流程：后续第 1 步 action 成功结算
  ✅ [PASS] 走完流程：后续第 2 步单选项推进 action 成功结算
  ✅ [PASS] 走完流程：最终 onCompleteCallback 成功触发
  ✅ [PASS] 遮罩 DOM 彻底从场景中销毁
  ✅ [PASS] 多分支选择对话点击场景跳过时，不强制触发任何传送/消费操作
  ✅ [PASS] 多分支对话安全关闭
  ✅ [PASS] DOM 视口成功挂载 dialogue-overlay
  ✅ [PASS] overlay 成功绑定点击场景外部检测事件
  ✅ [PASS] dialogue-box 正确配置冒泡隔离与点击继续事件
  ✅ [PASS] 提示文案已友好展示【点击场景跳过 ✕】
  ✅ [PASS] close 后 overlay 彻底清除

▶️ [测试 25] 水帘洞小猴生态、切图动效、战斗全员等级、Tab生灵名册与前戏数值调谐
  ✅ [PASS] 水帘洞地图正确配置野怪列表
  ✅ [PASS] 水帘洞部署充足小猴野怪 (当前配置: 6 只)
  ✅ [PASS] 水帘洞所有小猴野怪等级均为 3 级且外观为【stone_monkey】
  ✅ [PASS] 水帘洞小猴野怪均掌握特色武技【抛石】与【抓挠】
  ✅ [PASS] App2D 挂载 loadMap 方法
  ✅ [PASS] 转场锁初始状态为 false
  ✅ [PASS] 玩家走动踩传送门切图触发平滑过渡动效，时长精确为 0.75s
  ✅ [PASS] 场景转场过渡期间激活防重入锁，绝对阻止重复切图与重复踩门
  ✅ [PASS] 战斗目标胶囊中清晰显示目标等级【[Lv.3] 花果山小猴】
  ✅ [PASS] 出招角色胶囊中清晰显示角色等级【[Lv.12] 少侠-出招】
  ✅ [PASS] 玩家指挥本尊胶囊清晰显示等级【[Lv.12] 少侠】
  ✅ [PASS] 战术时序速度轴清晰显示【[Lv.99] 齐天大圣】
  ✅ [PASS] App2D 挂载 toggleSceneRosterModal
  ✅ [PASS] App2D 挂载 renderSceneRosterModal
  ✅ [PASS] App2D 挂载 navigateRosterToNpc
  ✅ [PASS] 水帘洞成功实例化 6 只小猴实例
  ✅ [PASS] 成功通过 Tab 机制呼出场景生灵名册模态框
  ✅ [PASS] 名册面板上半区优先排列场景仙民 / NPC
  ✅ [PASS] 名册面板下半区排列出没异兽 / 野怪
  ✅ [PASS] 水帘洞 6 只相同小猴野怪严格去重，每种仅展示 1 个 (显示: 1种)
  ✅ [PASS] 野怪条目上清晰标示等级【Lv.3】
  ✅ [PASS] 野怪条目显示纯正名称【花果山小猴】
  ✅ [PASS] 生灵档案详情卡片包含完整生命气血属性
  ✅ [PASS] 生灵档案详情卡片包含攻防速三维数据
  ✅ [PASS] 生灵档案详情卡片展示野怪所掌握技能
  ✅ [PASS] 水帘洞存在赤毛马猴 NPC
  ✅ [PASS] 点击一键寻路后名册自动关闭收起
  ✅ [PASS] 天蓬战玩家普攻天蓬造成约50%伤害 (实际: 50.0%)
  ✅ [PASS] 天蓬战天蓬攻击玩家造成约10%伤害 (实际: 10.0%)
  ✅ [PASS] 大圣战队友攻击大圣造成约5%伤害打击感 (实际: 5.0%)
  ✅ [PASS] 大圣战大圣神威碾压，出手刚好秒杀天兵 (伤害: 600, 天兵血量: 600)

▶️ [测试 26] 栅栏入口拓宽(>=3格)、蘑菇专属模型与防重刷、Tab名册全新排版
  ✅ [PASS] 刘家村地图正常加载
  ✅ [PASS] 刘家村第 12 行院落入口宽度全部达标 >= 3 格 (检测到有效通道宽度: 8, 5, 5, 5, 8)
  ✅ [PASS] 刘家村第 12 行绝无 1~2 格窄门通道 (窄门数: 0)
  ✅ [PASS] 刘家村第 17 行院落入口宽度全部达标 >= 3 格 (检测到有效通道宽度: 7, 5, 12, 7)
  ✅ [PASS] 刘家村第 17 行绝无 1~2 格窄门通道 (窄门数: 0)
  ✅ [PASS] 高老庄地图正常加载
  ✅ [PASS] 高老庄内院/木棚栅栏通道宽度充足 (实际宽度: 7 格 >= 3格)
  ✅ [PASS] CharacterRenderer 挂载 drawMushroom 灵芝仙草独立绘制方法
  ✅ [PASS] drawModel("mushroom") 精准分发至蘑菇专属绘制
  ✅ [PASS] 蘑菇模型绝不回退至金甲天将人型
  ✅ [PASS] App2D 正确维护 collectedProps 已采集物品集合
  ✅ [PASS] 采摘阶段未采集的蘑菇在场景中可见
  ✅ [PASS] 采集后蘑菇计数增加为 1
  ✅ [PASS] 已采摘蘑菇记录进入 collectedProps 永续集合
  ✅ [PASS] 已采摘蘑菇在后续故事阶段绝对不可见
  ✅ [PASS] 采摘后过 0.5s 蘑菇绝对不会重新刷新或幽灵复现
  ✅ [PASS] 存档状态正确持久化保存 collectedProps 道具消隐列表
  ✅ [PASS] 内存重置后初始不包含该道具
  ✅ [PASS] 读档后成功恢复 collectedProps 永续集合，绝不再重刷
  ✅ [PASS] 成功呼出场景生灵名册模态框
  ✅ [PASS] Tab 场景名册采用专属 .roster-modal-box 容器
  ✅ [PASS] 名册顶栏采用国风双龙金匾 .roster-dragon-header
  ✅ [PASS] 名册主体采用左右分栏 .roster-main-body
  ✅ [PASS] 名册左侧采用固定宽度滚动列表 .roster-list-panel
  ✅ [PASS] 名册右侧采用生灵精研详案 .roster-detail-panel
  ✅ [PASS] CSS 包含 .roster-modal-box 样式定义
  ✅ [PASS] CSS 包含 .roster-dragon-header 样式定义
  ✅ [PASS] CSS 包含 .roster-main-body 样式定义
  ✅ [PASS] CSS 包含 .roster-list-panel 样式定义
  ✅ [PASS] CSS 包含 .roster-detail-panel 样式定义
  ✅ [PASS] CSS 包含生灵卡片高亮选中态样式

▶️ [测试 27] 技能5级25000法则、1/5提前突破、长安神坛与菩提老祖、舍生与妖魔技能数值
  ✅ [PASS] SkillMasteryEngine 核心熟练度引擎挂载成功
  ✅ [PASS] 所有技能最高划分为 5 级 (Lv.1 ~ Lv.5)
  ✅ [PASS] 每一级熟练度跨度严格为 5000
  ✅ [PASS] 满级满熟练度严格封顶为 25000
  ✅ [PASS] Lv.1 熟练度 4999 时未锁级
  ✅ [PASS] Lv.1 熟练度达到 5000 触发锁级保护
  ✅ [PASS] Lv.2 熟练度达到 10000 触发锁级保护
  ✅ [PASS] Lv.3 熟练度达到 15000 触发锁级保护
  ✅ [PASS] Lv.4 熟练度达到 20000 触发锁级保护
  ✅ [PASS] Lv.5 熟练度达到 25000 极境封顶
  ✅ [PASS] 熟练度累加至 5000 达到本级上限
  ✅ [PASS] 熟练度达到 5000 立即被系统锁定
  ✅ [PASS] 处于锁级状态下即便再次施法，熟练度也绝对不加 1 点 (仍为 5000)
  ✅ [PASS] Lv.1 熟练度 999 未达 1/5 门槛，不允许升级
  ✅ [PASS] Lv.1 熟练度达到 1000 (满额5000的1/5)，允许提前升级
  ✅ [PASS] Lv.2 熟练度 5999 未达 6000 门槛，不允许升级
  ✅ [PASS] Lv.2 熟练度达到 6000 (满足第2级跨度的1/5)，允许提前升级
  ✅ [PASS] 未在神坛与菩提老祖交互时，私自升级被绝对阻止
  ✅ [PASS] 在菩提老祖神坛点化下，成功突破晋升至 Lv.2
  ✅ [PASS] 舍生取义 Lv.1 0熟练度伤害精确为 500 (实际: 500)
  ✅ [PASS] 舍生取义 Lv.1 0熟练度自损精确为 0 (实际: 0)
  ✅ [PASS] 舍生取义 Lv.1 0熟练度耗蓝精确为 220 (实际: 220)
  ✅ [PASS] 舍生取义 Lv.1 10熟练度以内无副作用自损为 0 (实际: 0)
  ✅ [PASS] 舍生取义 Lv.1 11熟练度伤害为 501 (实际: 501)
  ✅ [PASS] 舍生取义 Lv.1 11熟练度反噬为 1 (实际: 1)
  ✅ [PASS] 舍生取义 Lv.1 11熟练度耗蓝为 220 (实际: 220)
  ✅ [PASS] 舍生取义 Lv.1 1000熟练度伤害为 650 (实际: 650)
  ✅ [PASS] 舍生取义 Lv.1 1000熟练度反噬为 40 (实际: 40)
  ✅ [PASS] 舍生取义 Lv.1 1000熟练度耗蓝为 250 (实际: 250)
  ✅ [PASS] 舍生取义 1000熟练度升2级伤害跃升为 1600 (实际: 1600)
  ✅ [PASS] 舍生取义 1000熟练度升2级反噬跃升为 400 (实际: 400)
  ✅ [PASS] 舍生取义 1000熟练度升2级耗蓝跃升为 350 (实际: 350)
  ✅ [PASS] 舍生取义 Lv.5 满25000熟练度伤害精确为 16000 (实际: 16000)
  ✅ [PASS] 舍生取义 Lv.5 满25000熟练度单次自伤精确为 8000 血 (实际: 8000)
  ✅ [PASS] 舍生取义在生命值低于10%时无法施展
  ✅ [PASS] 舍生取义在生命值刚好达到10%时允许施展
  ✅ [PASS] 雷霆万钧 Lv.1 单体魔雷耗蓝为 300 (实际: 300)
  ✅ [PASS] 雷霆万钧 Lv.1 0熟练度伤害为 420 (实际: 420)
  ✅ [PASS] 雷霆万钧 Lv.5 满25000熟练度伤害精准达到 12608 (实际: 12608)
  ✅ [PASS] 封印咒初始命中率为 62% (实际: 0.62)
  ✅ [PASS] 封印咒满级满熟练度命中率精准达到 95% (实际: 0.95)
  ✅ [PASS] 定身咒每个目标初始命中率为 33% (实际: 0.33)
  ✅ [PASS] 定身咒满级满熟练度单体命中率精准达到 75% (实际: 0.75)
  ✅ [PASS] 三昧真火为绝对必中群法
  ✅ [PASS] 三昧真火 Lv.1 目标数为 1
  ✅ [PASS] 飞沙走石为绝对必中群法
  ✅ [PASS] 飞沙走石 Lv.5 满阶目标数覆盖全队 4 人
  ✅ [PASS] 长安城左上角成功部署直通【长安神坛】传送门
  ✅ [PASS] 神坛传送门精准位于长安城左上角 (96, 96)
  ✅ [PASS] 神坛地图【changan_shendan】为 38x28 广阔仙境大地图
  ✅ [PASS] 神坛场景部署核心宗师【菩提老祖】
  ✅ [PASS] 菩提老祖外观为【puti_zushi】太极大袍仙相
  ✅ [PASS] 神坛菩提老祖专属对话剧本【puti_shendan_talk】完备
  ✅ [PASS] App2D 挂载 openSkillMasteryModal 技能参悟模态框方法
  ✅ [PASS] App2D 挂载 learnClassSkillsFromMaster 老祖传道方法
  ✅ [PASS] App2D 挂载 awakenPetSkillAtMaster 仙宠10级授法方法
  ✅ [PASS] 仙宠未满 10 级无法由菩提老祖授法
  ✅ [PASS] 仙宠达到 10 级后在神坛成功领悟专属灵法【天雷引】
  ✅ [PASS] 男金刚具备 3 个技能
  ✅ [PASS] 男金刚具备专属技能【佛光普照】
  ✅ [PASS] 男金刚具备通用技能【舍生取义】
  ✅ [PASS] 男金刚具备通用技能【金刚护体】
  ✅ [PASS] 女妖魔具备 3 个技能
  ✅ [PASS] 女妖魔具备专属技能【万毒攻心】
  ✅ [PASS] 女妖魔具备通用技能【三昧真火】
  ✅ [PASS] 女妖魔具备通用技能【飞沙走石】
  ✅ [PASS] 男仙人具备专属技能【乱魂咒】
  ✅ [PASS] 男仙人具备通用技能【定身咒】
  ✅ [PASS] 男仙人具备通用技能【隐身咒】
  ✅ [PASS] 金刚职业天生自带 20% 物理抗性
  ✅ [PASS] 金刚职业天生自带 10% 舍生抗性
  ✅ [PASS] 金刚职业天生自带 5% 玄击抗性 (全游戏唯一天生抗玄击来源)
  ✅ [PASS] 妖魔职业天生自带 10% 物理抗性
  ✅ [PASS] 妖魔职业天生自带 10% 雷霆抗性
  ✅ [PASS] 妖魔职业天生自带 10% 飞沙抗性
  ✅ [PASS] 妖魔职业天生自带 10% 三昧真火抗性
  ✅ [PASS] 妖魔职业天生自带 10% 万毒攻心抗性
  ✅ [PASS] 神仙职业天生自带 10% 物理抗性
  ✅ [PASS] 神仙职业天生自带 10% 封印抗性
  ✅ [PASS] 神仙职业天生自带 10% 乱魂抗性
  ✅ [PASS] 神仙职业天生自带 10% 定身抗性
  ✅ [PASS] 佛光普照 Lv.1 0熟练度伤害基数为 150
  ✅ [PASS] 佛光普照 Lv.1 扣除 20% 当前生命值
  ✅ [PASS] 佛光普照 Lv.1 扣除 10% 当前法力值
  ✅ [PASS] 佛光普照无抗性时伤害精准为 550 (实际: 550)
  ✅ [PASS] 佛光普照无抗性时扣除法力精准为 100 (实际: 100)
  ✅ [PASS] 金刚天生5%抗玄击减免后伤害为 522 (实际: 522)
  ✅ [PASS] 金刚天生5%抗玄击减免后扣蓝为 95 (实际: 95)
  ✅ [PASS] 佛光普照 Lv.5 满25000熟练度伤害基数精准达到 1500 (实际: 1500)
  ✅ [PASS] 如来神掌 Lv.1 0熟练度伤害基数仅为 100 (实际: 100)
  ✅ [PASS] 如来神掌伤害基数低于佛光普照
  ✅ [PASS] 如来神掌生命削扣百分比低于佛光普照
  ✅ [PASS] 如来神掌法力削扣百分比低于佛光普照
  ✅ [PASS] 如来神掌单体威力低于佛光普照
  ✅ [PASS] 如来神掌 Lv.5 满25000熟练度伤害基数精准达到 1000/每位 (实际: 1000)

▶️ [测试 28] 金仙元神变身、逆境几率模型、天赋点成长与专属变身天赋
  ✅ [PASS] 道具数据库已成功装载金仙圣物【天赋丹】
  ✅ [PASS] 【天赋丹】为可消耗使用道具
  ✅ [PASS] 大海龟为普通凡宠
  ✅ [PASS] 凡宠无法触发元神变身 (几率为 0)
  ✅ [PASS] 凡宠执行变身判定返回失败
  ✅ [PASS] 白骨精为顶级金仙仙宠
  ✅ [PASS] 金仙初始天赋点为 0
  ✅ [PASS] 满血金仙基础变身几率为 5% (实际: 0.05)
  ✅ [PASS] 残血(90%已损)金仙变身几率飙升至 14% (实际: 0.14)
  ✅ [PASS] 金仙生命值越低，元神变身几率越高！
  ✅ [PASS] 金仙成功触发元神变身
  ✅ [PASS] 金仙进入元神变身形态
  ✅ [PASS] 金仙变身时长固定为 3 回合
  ✅ [PASS] 成功变身永久获得 1 点天赋点 (0 -> 1)
  ✅ [PASS] 第1回合后变身剩余 2 回合
  ✅ [PASS] 第2回合后变身剩余 1 回合
  ✅ [PASS] 第3回合后变身状态正常解除恢复常态
  ✅ [PASS] 使用1枚天赋丹直接增加 50 点天赋点
  ✅ [PASS] 天赋点由 1 跃升至 51 点 (实际: 51)
  ✅ [PASS] 天赋点严格在 5000 点极境封顶
  ✅ [PASS] 达到 5000 满天赋点后无法再服用天赋丹
  ✅ [PASS] 满5000天赋点满血变身基础几率达 25% (实际: 0.25)
  ✅ [PASS] 白骨精 0 天赋点伤害转移 5%
  ✅ [PASS] 白骨精 5000 天赋点伤害转移 30%
  ✅ [PASS] 黄风怪 0 天赋点断速几率 30%
  ✅ [PASS] 黄风怪 5000 天赋点断速几率 70%
  ✅ [PASS] 沙僧 0 天赋点受到伤害 15% 由法力抵扣
  ✅ [PASS] 沙僧 5000 天赋点受到伤害 35% 由法力抵扣
  ✅ [PASS] 猪八戒 0 天赋点气血暴增 500 HP + 15% 最大HP
  ✅ [PASS] 猪八戒 5000 天赋点气血暴增 2000 HP + 35% 最大HP
  ✅ [PASS] 牛魔王 0 天赋点物理攻击额外暴涨 20%
  ✅ [PASS] 牛魔王 5000 天赋点物理攻击额外狂暴暴涨 50%
  ✅ [PASS] 小白龙 0 天赋点速度+50，法术连击20%
  ✅ [PASS] 小白龙 5000 天赋点速度+100，法术连击45%
  ✅ [PASS] 红孩儿 5000 天赋点造成伤害 35% 转化为自身吸血
  ✅ [PASS] 黑熊精 5000 天赋点反震 40% 伤害给近战攻击者

▶️ [测试 29] 玩家国风高精模型、陈塘关总兵府防卡墙、野怪舒缓移速与断点续玩测试
  ✅ [PASS] 提供白龙神驹骑乘绘制引擎 drawMountKnight
  ✅ [PASS] 提供武学剑仙步行绘制引擎 drawMartialHero
  ✅ [PASS] 提供金甲天将神兵绘制引擎 drawHeavenGeneral
  ✅ [PASS] 骑马与步行双形态高精模型在各种朝向与动静姿态下完美渲染无异常
  ✅ [PASS] 陈塘关地图数据存在
  ✅ [PASS] 陈塘关李靖总兵威武立于总兵帅堂中枢 (224, 160)
  ✅ [PASS] 李靖总兵脚下为总兵府可行走地坪，绝非死实心砖墙
  ✅ [PASS] 长安传送到陈塘关落脚于总兵府南大门迎宾大道 (224, 320)
  ✅ [PASS] 传送落地处为平整青石大街，杜绝传送卡墙
[SafeSpawn] 检测到目标坐标 (4, 2) 不可行走，触发地脉神行自动矫正...
  ✅ [PASS] 即使旧存档或异常坐标落在城墙上，智能纠偏均自动移至可行走平地
  ✅ [PASS] 陈塘关野怪正确实例化
  ✅ [PASS] 野怪巡逻移速精确调降至 1.12 (约为原1.6的70%)
  ✅ [PASS] 自动历练存档成功写入本地存储
  ✅ [PASS] 存档记录的场景为陈塘关
  ✅ [PASS] 存档记录的精确坐标为 (224, 320)
  ✅ [PASS] 存档记录的玩家朝向为 up
  ✅ [PASS] 下次启动游戏成功恢复上次断点存档
  ✅ [PASS] 启动后场景自动还原为陈塘关
  ✅ [PASS] 启动后角色坐标精确恢复在 (224, 320)
  ✅ [PASS] 启动后角色朝向保持为 up
  ✅ [PASS] 主线剧情进度无缝延续

▶️ [测试 30] 陈塘关主线闭环：李靖感叹号合一、四混混清剿、混混头目1打3、观音石雕无法言语、东海夜叉与龙王宝库、观音显圣点化西行
  ✅ [PASS] 初见李靖时感叹号信标必须精确合一位于李靖头顶 (224, 160) (实际: 224, 160)
  ✅ [PASS] 信标目标明确指向李靖总兵
  ✅ [PASS] 惩戒混混任务信标实时显示击败进度 (0/4)
  ✅ [PASS] 打败4名混混后剧情无缝跃迁至【回帅府向李靖复命】
  ✅ [PASS] 复命阶段信标再次精准锁定李靖总兵 (224, 160)
  ✅ [PASS] 混混头目雷震彪在陈塘关东市现身 (512, 384)
  ✅ [PASS] 混混头目决战敌方编制必须为 1 打 3 (实际敌人数量: 3)
  ✅ [PASS] 第1名敌方为混混头目本尊 (带Boss光环)
  ✅ [PASS] 第2名敌方为作恶混混小兵A
  ✅ [PASS] 第3名敌方为作恶混混小兵B
  ✅ [PASS] 战胜混混头目及其随从后剧情推进至【回帅府领赏】
  ✅ [PASS] 李靖帅府领赏剧本完备
  ✅ [PASS] 李靖对话明确指引东侧海滨突现神秘观音雕像
  ✅ [PASS] 陈塘关海滨部署神秘观音雕像 (672, 384)
  ✅ [PASS] 调查观音雕像文本明确提示雕像寂然无法对话
  ✅ [PASS] 海潮异动明确指引玩家深入东海之滨
  ✅ [PASS] 成功触发东海巡海夜叉大战
  ✅ [PASS] 战胜夜叉后东海龙王踏水现身
  ✅ [PASS] 东海龙王一眼认出玩家乃天庭威灵显赫大将军
  ✅ [PASS] 成功装备龙宫神兵【覆海点钢枪】
  ✅ [PASS] 成功装备龙宫宝甲【龙鳞轻钢甲】
  ✅ [PASS] 返回陈塘关精准降落于二仙尊正前方 (576, 384)
  ✅ [PASS] 观音雕像化生为大慈大悲观世音菩萨立于海滨 (672, 384)
  ✅ [PASS] 东海龙王亦随侍在观音菩萨身侧 (640, 384)
  ✅ [PASS] 观音雕像石胎隐退褪去，化为真身
  ✅ [PASS] 观音龙王双神显圣点化剧本完备
  ✅ [PASS] 显圣现场东海龙王恭立侍侧并向大将赞叹致意
  ✅ [PASS] 观音菩萨详细揭晓玩家身世因果
  ✅ [PASS] 观音指引玩家前往长安护送唐僧西天取经

▶️ [测试 31] 西游全章节国风章回体开幕动画系统测试 (2s水墨金字、诗号对联、朱砂神印、防重判定)
  ✅ [PASS] 章节配置数据库 CHAPTER_CONFIGS 存在
  ✅ [PASS] 包含【序章 · 蟠桃盛宴】配置
  ✅ [PASS] 序章标题为【序章 · 蟠桃盛宴】
  ✅ [PASS] 序章七言对联诗号工整
  ✅ [PASS] 序章朱砂神印为【天界神篇】
  ✅ [PASS] 包含【第一回 · 梦断双叉】配置
  ✅ [PASS] 第一回对联诗号完备
  ✅ [PASS] 包含【第二回 · 盛世大唐】配置
  ✅ [PASS] 包含【第三回 · 雄关东海】配置
  ✅ [PASS] 包含【第四回 · 破封五行】配置
  ✅ [PASS] App2D 挂载 showChapterOpening 接口
  ✅ [PASS] App2D 挂载 showChapterBanner 兼容接口
  ✅ [PASS] App2D 挂载 checkAndTriggerChapterOpening 自动判定接口
  ✅ [PASS] 成功在视口创建 chapter-opening-overlay 开幕动画遮罩
  ✅ [PASS] 开幕动画正确渲染烫金章节主标题
  ✅ [PASS] 开幕动画正确渲染七言绝句诗号
  ✅ [PASS] 开幕动画正确渲染朱砂方印神玺
  ✅ [PASS] 点击屏幕任意位置立即平滑淡出
  ✅ [PASS] 初入天宫序章成功触发开幕动画
  ✅ [PASS] 播放后 shownChapterSet 成功记录 prologue
  ✅ [PASS] 再次进入天宫绝不重复弹出开幕动画 (防重复机制生效)
  ✅ [PASS] 贬落凡尘刘家村时成功触发【第一回 · 梦断双叉】
  ✅ [PASS] 播放后 shownChapterSet 成功记录 chapter_1
  ✅ [PASS] 抵达长安城时成功触发【第二回 · 盛世大唐】
  ✅ [PASS] 初至东海陈塘关成功触发【第三回 · 雄关东海】
  ✅ [PASS] 游戏重新开始重置后，序章开幕动画能再次触发
  ✅ [PASS] 已播放章节集合成功持久化写入存档
  ✅ [PASS] 存档中准确记录已播放的章节 ID
  ✅ [PASS] 断点加载成功恢复已播放章节记录

▶️ [测试 32] 三打白骨精、后段剧情门禁与独立妖王模型
  ✅ [PASS] 白虎岭存在三打白骨精的同一接引实体
  ✅ [PASS] 奎木狼地图实体使用专属模型
  ✅ [PASS] 奎木狼不会误归类为普通野狼
  ✅ [PASS] 白虎岭骷髅有独立野怪类别
  ✅ [PASS] 78 种地图实体外观均有独立模型分发，无意外回退天将：
  ✅ [PASS] 五庄观之前白骨精不会提前出场
  ✅ [PASS] 五庄观完成后镇元大仙不会重刷决战
  ✅ [PASS] 黄风怪败后地图实体退场
  ✅ [PASS] 二打后仍可进行第三次交锋
  ✅ [PASS] 三打后白骨精不会重刷
  ✅ [PASS] 降伏奎木狼后妖王不会重刷
  ✅ [PASS] 第一重画皮战胜后推进至老妪段
  ✅ [PASS] 第一战后同一接引人重新亮起任务标记
  ✅ [PASS] 第二重画皮战胜后推进至老翁段
  ✅ [PASS] 第三战才完成白虎岭并移除妖王
  ✅ [PASS] 三场战斗逐段增强且真身为最终阶段
  ✅ [PASS] 未见国王与公主前不能越级直闯妖王
  ✅ [PASS] 国王委托后任务目标转至百花羞
  ✅ [PASS] 找到公主后任务目标才转至奎木狼

▶️ [测试 33] 场景国风转场动效、水质重塑、五行山畅通登峰与严格剧情帷幕门禁测试
  ✅ [PASS] 视口成功挂载 scene-transition-overlay 场景平滑转场遮罩
  ✅ [PASS] 转场遮罩成功注入金色行辕名牌结构
  ✅ [PASS] 转场遮罩包含八卦太极流转微动效
  ✅ [PASS] 转场名牌准确显示目标场景大唐长安
  ✅ [PASS] 东海海滨与水下场景彻底剔除翠绿底色
  ✅ [PASS] 流沙河险水场景彻底剔除翠绿底色
  ✅ [PASS] 五行山地图数据完好
  ✅ [PASS] 五行山山石形成巍峨五指神峰 (实际岩石数: 83 >= 80)
  ✅ [PASS] 五指峰山巅 (12, 3) 镇压金帖破封前为大明咒神帖/破封后化为巍峨主山石
  ✅ [PASS] 两界交界处 (22, 13) 巍峨耸立两界山界碑
  ✅ [PASS] 五行山盘山石阶步道自山脚直通山顶，中途无死墙横亘挡路
  ✅ [PASS] 刘家村砍柴伐树阶段误入五行山，严禁触发第四回开幕帷幕
  ✅ [PASS] 砍柴阶段 shownChapterSet 不会误记录 chapter_4
  ✅ [PASS] 主线推进至西行正式启程 (wuxingshan_ready) 初次进入五行山，成功展开第四回帷幕
  ✅ [PASS] 第四回开幕后 shownChapterSet 准确记录 chapter_4
  ✅ [PASS] 再次进入五行山绝不再重复弹出开幕帷幕

▶️ [测试 34] 对白流程重入与跳过路径回归
  ✅ [PASS] 单选跳过与手动选择一致：仅执行选项，终止后不再结算旧尾声
  ✅ [PASS] 对白关闭后迟到的选项点击不会报错或重复执行
  ✅ [PASS] 跳过遵循 nextStep，未选路线不发奖励
  ✅ [PASS] 步骤动作开启新对白后，旧 next 不跳过或关闭新对白
  ✅ [PASS] 跳过中开启新对白后，不执行旧奖励和旧完成回调
  ✅ [PASS] 步骤动作重入 next 时只结算一次
  ✅ [PASS] 循环 nextStep 跳过有终止保护，不无限发奖或卡死
  ✅ [PASS] 真实天宫贬谪剧本跳过只执行一次下凡，不同时执行步骤与选项

▶️ [测试 35] 前世头像、市井趣谈与白骨洞探索
  ✅ [PASS] 嫦娥仙子 经过对白识别和头像规范化后仍使用正确角色
  ✅ [PASS] 卷帘大将 经过对白识别和头像规范化后仍使用正确角色
  ✅ [PASS] 天蓬元帅 经过对白识别和头像规范化后仍使用正确角色
  ✅ [PASS] 猪八戒 经过对白识别和头像规范化后仍使用正确角色
  ✅ [PASS] 沙悟净 经过对白识别和头像规范化后仍使用正确角色
  ✅ [PASS] 茶肆阿婆 经过对白识别和头像规范化后仍使用正确角色
  ✅ [PASS] 玄奘法师 经过对白识别和头像规范化后仍使用正确角色
  ✅ [PASS] 菩提老祖 经过对白识别和头像规范化后仍使用正确角色
  ✅ [PASS] 刘伯钦 经过对白识别和头像规范化后仍使用正确角色
  ✅ [PASS] 七仙女 经过对白识别和头像规范化后仍使用正确角色
  ✅ [PASS] 货郎阿福 经过对白识别和头像规范化后仍使用正确角色
  ✅ [PASS] 小虎 经过对白识别和头像规范化后仍使用正确角色
  ✅ [PASS] change 使用天界仙印
  ✅ [PASS] juanlian 使用天界仙印
  ✅ [PASS] 直接请求天蓬头像保持前世人形
  ✅ [PASS] 实际长安 NPC 接入阿婆模型，而非旧绣娘模型
  ✅ [PASS] changan_hawker_talk 第1句选项1有合法出口
  ✅ [PASS] changan_hawker_talk 第1句选项2有合法出口
  ✅ [PASS] changan_hawker_talk 第1句选项3有合法出口
  ✅ [PASS] changan_hawker_talk 第2句选项1有合法出口
  ✅ [PASS] changan_hawker_talk 第2句选项2有合法出口
  ✅ [PASS] changan_hawker_talk 第2句选项3有合法出口
  ✅ [PASS] changan_hawker_talk 第3句选项1有合法出口
  ✅ [PASS] changan_hawker_talk 第3句选项2有合法出口
  ✅ [PASS] changan_hawker_talk 第3句选项3有合法出口
  ✅ [PASS] changan_hawker_talk 第4句选项1有合法出口
  ✅ [PASS] changan_hawker_talk 跳过分支后可退出，不替玩家选择
  ✅ [PASS] changan_child_talk 第1句选项1有合法出口
  ✅ [PASS] changan_child_talk 第1句选项2有合法出口
  ✅ [PASS] changan_child_talk 第1句选项3有合法出口
  ✅ [PASS] changan_child_talk 第2句选项1有合法出口
  ✅ [PASS] changan_child_talk 第2句选项2有合法出口
  ✅ [PASS] changan_child_talk 第2句选项3有合法出口
  ✅ [PASS] changan_child_talk 第2句选项4有合法出口
  ✅ [PASS] changan_child_talk 第3句选项1有合法出口
  ✅ [PASS] changan_child_talk 第3句选项2有合法出口
  ✅ [PASS] changan_child_talk 第4句选项1有合法出口
  ✅ [PASS] changan_child_talk 第4句选项2有合法出口
  ✅ [PASS] changan_child_talk 第5句选项1有合法出口
  ✅ [PASS] changan_child_talk 跳过分支后可退出，不替玩家选择
  ✅ [PASS] baigu_lampkeeper_talk 第1句选项1有合法出口
  ✅ [PASS] baigu_lampkeeper_talk 第1句选项2有合法出口
  ✅ [PASS] baigu_lampkeeper_talk 第1句选项3有合法出口
  ✅ [PASS] baigu_lampkeeper_talk 第2句选项1有合法出口
  ✅ [PASS] baigu_lampkeeper_talk 第2句选项2有合法出口
  ✅ [PASS] baigu_lampkeeper_talk 第2句选项3有合法出口
  ✅ [PASS] baigu_lampkeeper_talk 第3句选项1有合法出口
  ✅ [PASS] baigu_lampkeeper_talk 第3句选项2有合法出口
  ✅ [PASS] baigu_lampkeeper_talk 第4句选项1有合法出口
  ✅ [PASS] baigu_lampkeeper_talk 跳过分支后可退出，不替玩家选择
  ✅ [PASS] 反复闲聊、猜谜及守灯人见闻不推进主线、不累积银两或物品
  ✅ [PASS] 白骨洞网格尺寸完整
  ✅ [PASS] 白骨洞出生点安全可行走
  ✅ [PASS] 白骨洞全部 NPC、野怪与出口从出生点可达
  ✅ [PASS] 白虎岭旧出生点可达新增洞口
  ✅ [PASS] 白骨洞双向传送返回白虎岭安全区域
  ✅ [PASS] 可选洞窟不产生新主线目标
  ✅ [PASS] 新骷髅巡逻范围位于开阔骨厅

▶️ [测试 36] 物种身份、模型头像一致性与绘制安全
  ✅ [PASS] 八百里流沙巨蝎 修复旧借模，实体和头像都保持 scorpion
  ✅ [PASS] 濯垢泉毒丝蛛魔 修复旧借模，实体和头像都保持 spider
  ✅ [PASS] 黄花观千眼蜈蚣 修复旧借模，实体和头像都保持 centipede
  ✅ [PASS] 烈焰熔岩巨蜥 修复旧借模，实体和头像都保持 lizard
  ✅ [PASS] 乌巢栖林蝠 修复旧借模，实体和头像都保持 bat
  ✅ [PASS] 仙山守山灵鹤 修复旧借模，实体和头像都保持 crane
  ✅ [PASS] 五雷法殿金雕怪 修复旧借模，实体和头像都保持 eagle
  ✅ [PASS] 镇山青玉狮 修复旧借模，实体和头像都保持 lion
  ✅ [PASS] 狮驼岭骷髅狂象妖 修复旧借模，实体和头像都保持 elephant
  ✅ [PASS] 浮屠山顽石精 修复旧借模，实体和头像都保持 stone_spirit
  ✅ [PASS] 翠云山狂暴炎魔 修复旧借模，实体和头像都保持 fire_spirit
  ✅ [PASS] 弱水吸髓水妖 修复旧借模，实体和头像都保持 water_wraith
  ✅ [PASS] 观音禅院恶僧 修复旧借模，实体和头像都保持 demon_monk
  ✅ [PASS] 三清观假道士 修复旧借模，实体和头像都保持 demon_taoist
  ✅ [PASS] 阴风化血厉鬼 修复旧借模，实体和头像都保持 ghost
  ✅ [PASS] 云栈洞黑风小猪妖 修复旧借模，实体和头像都保持 pig
  ✅ [PASS] 普通骷髅不再使用白骨夫人头像
  ✅ [PASS] 野猪不再使用八戒头像
  ✅ [PASS] 黄风怪规范化保留 huangfeng_guai 且不回退天将
  ✅ [PASS] 黄风别名正确规范化为 huangfeng_guai
  ✅ [PASS] 黄风怪称号语义推断为 huangfeng_guai
  ✅ [PASS] VisualIdentity 正确识别黄风怪
  ✅ [PASS] Character.inferMonsterType 正确识别黄风怪
  ✅ [PASS] 沙悟净带前世称谓仍保持凡间身份
  ✅ [PASS] 旧盗匪和灵蛇 ID 保持兼容
  ✅ [PASS] 新模型四向、头像和双骑手绘制坐标有限且 Canvas 状态平衡
  ✅ [PASS] pig 全身与头像进入同一物种绘制，无通用天将回退
  ✅ [PASS] fox 全身与头像进入同一物种绘制，无通用天将回退
  ✅ [PASS] snake 全身与头像进入同一物种绘制，无通用天将回退
  ✅ [PASS] bear 全身与头像进入同一物种绘制，无通用天将回退
  ✅ [PASS] tiger 全身与头像进入同一物种绘制，无通用天将回退
  ✅ [PASS] stone_monkey 全身与头像进入同一物种绘制，无通用天将回退
  ✅ [PASS] yecha 全身与头像进入同一物种绘制，无通用天将回退
  ✅ [PASS] skeleton 全身与头像进入同一物种绘制，无通用天将回退
  ✅ [PASS] ghost 全身与头像进入同一物种绘制，无通用天将回退
  ✅ [PASS] scorpion 全身与头像进入同一物种绘制，无通用天将回退
  ✅ [PASS] spider 全身与头像进入同一物种绘制，无通用天将回退
  ✅ [PASS] centipede 全身与头像进入同一物种绘制，无通用天将回退
  ✅ [PASS] lizard 全身与头像进入同一物种绘制，无通用天将回退
  ✅ [PASS] bat 全身与头像进入同一物种绘制，无通用天将回退
  ✅ [PASS] crane 全身与头像进入同一物种绘制，无通用天将回退
  ✅ [PASS] eagle 全身与头像进入同一物种绘制，无通用天将回退
  ✅ [PASS] elephant 全身与头像进入同一物种绘制，无通用天将回退
  ✅ [PASS] lion 全身与头像进入同一物种绘制，无通用天将回退
  ✅ [PASS] stone_spirit 全身与头像进入同一物种绘制，无通用天将回退
  ✅ [PASS] tree 全身与头像进入同一物种绘制，无通用天将回退
  ✅ [PASS] fire_spirit 全身与头像进入同一物种绘制，无通用天将回退
  ✅ [PASS] water_wraith 全身与头像进入同一物种绘制，无通用天将回退
  ✅ [PASS] demon_monk 全身与头像进入同一物种绘制，无通用天将回退
  ✅ [PASS] demon_taoist 全身与头像进入同一物种绘制，无通用天将回退
  ✅ [PASS] 全部地图野怪头像均不会意外回退天将
  ✅ [PASS] 百花羞不再借用铁扇造型
  ✅ [PASS] 黄风怪地图 NPC 接入专属外观且头像不回退天将

▶️ [测试 37] 技能目标精准选择分支逻辑、流沙河幽默收服缴获与人参果神效
  ✅ [PASS] 敌方仅剩1人时，单体技能舍生取义无需选择直接跳过
  ✅ [PASS] 敌方仅剩1人时，单体技能雷霆万钧无需选择直接跳过
  ✅ [PASS] 敌方仅剩1人时，单体技能封印咒无需选择直接跳过
  ✅ [PASS] 敌方有2人时，单体绝技舍生取义必须唤起目标选择
  ✅ [PASS] 敌方有2人时，单体绝技雷霆万钧必须唤起目标选择
  ✅ [PASS] 敌方有2人时，单体绝技封印咒必须唤起目标选择
  ✅ [PASS] 敌方有2人时，单体绝技定身咒必须唤起目标选择
  ✅ [PASS] 群体神法三昧真火直接席卷全场，无需单选目标
  ✅ [PASS] 群体神法飞沙走石直接席卷全场，无需单选目标
  ✅ [PASS] 全队增益金刚护体直接加持友方，无需选择敌方
  ✅ [PASS] 自我增益隐身咒直接加持自身，无需选择敌方
  ✅ [PASS] Lv.3如来神掌覆盖3人，当前仅2人，全选无需单选
  ✅ [PASS] Lv.1如来神掌仅覆盖1人，面对2敌人仍需单选目标
  ✅ [PASS] 点击单体绝技后正确展开目标选择面板
  ✅ [PASS] 正确暂存待施展技能
  ✅ [PASS] 选定目标后自动关闭目标选择面板
  ✅ [PASS] 正确锁定所选敌方下标
  ✅ [PASS] 下达的战斗指令正确锁定目标1
  ✅ [PASS] 下达的战斗指令正确携带舍生取义
  ✅ [PASS] 取消目标选择后平滑返回绝技列表面板
  ✅ [PASS] 流沙河战后剧情对白结构丰满生动
  ✅ [PASS] 剧情对白中包含大圣假睫毛、八戒私藏酒与流沙逐风靴
  ✅ [PASS] 剧情包含沙和尚吐槽八戒破戒饮酒搞笑桥段
  ✅ [PASS] 收服沙僧后玩家包裹立即到账【清泉酒】×30
  ✅ [PASS] 收服沙僧后玩家包裹立即到账【流沙逐风靴】×1
  ✅ [PASS] 收服沙僧后玩家包裹立即到账【大圣防风假睫毛】×1
  ✅ [PASS] 收服沙僧后玩家包裹立即到账天山雪莲丹×5
  ✅ [PASS] 收服沙僧后玩家包裹立即到账九转还魂丹×3
  ✅ [PASS] 收服沙僧后玩家获得八戒私藏盘缠5000两
  ✅ [PASS] 清泉酒成功服用
  ✅ [PASS] 清泉酒准确恢复250点法力精力
  ✅ [PASS] 清泉酒正确扣减1瓶
  ✅ [PASS] 五庄观通关获得镇元子赠予【草还丹·人参果】×2
  ✅ [PASS] 五庄观通关获得镇元子赠予【混元一气锦襕道袍】×1
  ✅ [PASS] 草还丹人参果成功吞服
  ✅ [PASS] 人参果永久提升1500点气血上限
  ✅ [PASS] 人参果永久提升800点法力上限
  ✅ [PASS] 人参果瞬间恢复满状态气血与法力
  ✅ [PASS] 五庄观清风与明月坐标分离，杜绝重叠堆叠

▶️ [测试 38] 平顶山莲花洞主线推进、老君玄都金丹与苍茫三岭支线伏魔全链路
  ✅ [PASS] 第十一回平顶风云章回体正确配置
  ✅ [PASS] 第十一回印章与触发场景准确无误
  ✅ [PASS] 宝象国通关后平顶山巡山小钻风立现
  ✅ [PASS] 未击溃小钻风前银角大王不现身
  ✅ [PASS] 击败小钻风后主线推进至 pingding_scout_cleared
  ✅ [PASS] 击溃小钻风后银角大王现身石坛
  ✅ [PASS] 小钻风败退后不再阻挡山路
  ✅ [PASS] 力挫银角大王后主线推进至 pingding_silver_cleared
  ✅ [PASS] 银角败退后金角大王暴怒持七星剑现身
  ✅ [PASS] 力克金角大王后主线推进至 pingding_gold_cleared
  ✅ [PASS] 决战胜利后太上老君乘彩云显圣
  ✅ [PASS] 老君赐福后主线正式圆满达成 pingding_cleared
  ✅ [PASS] 平顶山通关获得太上老君【九转玄都金丹】×2
  ✅ [PASS] 平顶山通关获得神兵【七星伏魔宝剑】×1
  ✅ [PASS] 平顶山通关获得【紫金红葫芦·仙葫灵蕴】×1
  ✅ [PASS] 平顶山通关获得盘缠赏银20000两
  ✅ [PASS] 九转玄都金丹成功吞服
  ✅ [PASS] 玄都金丹永久提升2000点气血上限
  ✅ [PASS] 玄都金丹永久提升1000点法力上限
  ✅ [PASS] 玄都金丹瞬间补满气血与精力
  ✅ [PASS] 平顶山东侧通往宝象国传送门安全可达
  ✅ [PASS] 平顶山西侧通往火云洞传送门安全可达
  ✅ [PASS] 巡山小钻风所在主道安全可行走
  ✅ [PASS] 银角大王石坛所在坐标从主道安全畅通可达
  ✅ [PASS] 金角大王洞前坐标从主道安全畅通可达
  ✅ [PASS] 太上老君显圣坐标从主道安全畅通可达
  ✅ [PASS] 支线任务状态机正确初始化
  ✅ [PASS] 玄风道长委托后进入第一环清剿狐患
  ✅ [PASS] 成功斩杀第1只青丘妖狐
  ✅ [PASS] 斩获第1枚青丘妖狐内丹
  ✅ [PASS] 斩除3只妖狐后自动推进至第二环夜探狼岭
  ✅ [PASS] 累计斩获3枚青丘狐丹
  ✅ [PASS] 成功诛灭第1只阴风血狼
  ✅ [PASS] 夺回第1份残破行商锦囊
  ✅ [PASS] 诛灭3只血狼后推进至第三环决战黑风修罗王
  ✅ [PASS] 累计夺回3份行商锦囊
  ✅ [PASS] 黑风修罗王在第三环霸气现身绝壁祭坛
  ✅ [PASS] 战胜黑风修罗王后进入复命领赏阶段
  ✅ [PASS] 向玄风道长复命后支线圆满完成
  ✅ [PASS] 支线奖励极品【黑风辟邪玉佩】×1已到账
  ✅ [PASS] 支线奖励【金柳露】×3已到账
  ✅ [PASS] 支线奖励【九转还魂丹】×3已到账
  ✅ [PASS] 支线奖励10000银两已到账
  ✅ [PASS] 黑风绝壁东侧传送门安全畅通
  ✅ [PASS] 黑风修罗王魔窟祭坛中心坐标安全可达

▶️ [测试 39] 畅快移速、坐骑大加速、水中辟水神诀与刘家村到长安闭环全流程走查
  ✅ [PASS] 全局 GAME_SPEED_CONFIG 移速配置已成功挂载
  ✅ [PASS] 全局凡尘主角移速为有效数值 (当前: 2)
  ✅ [PASS] 全局天界金甲神将移速为有效数值 (当前: 2.6)
  ✅ [PASS] 全局常规野怪巡逻移速配置默认为 1.12
  ✅ [PASS] 全局 QUEST_BANNER_CONFIG 任务悬浮提示配置已挂载
  ✅ [PASS] QUEST_BANNER_CONFIG.FONT_SIZE 为有效数值
  ✅ [PASS] QUEST_BANNER_CONFIG.BOUNCE_SPEED 为有效数值
  ✅ [PASS] QUEST_BANNER_CONFIG.BOUNCE_RANGE 为有效数值
  ✅ [PASS] QUEST_BANNER_CONFIG.EXCLAMATION_SIZE 为有效数值
  ✅ [PASS] 头顶名称字号已抽离并默认配置为 12px
  ✅ [PASS] 头衔称号字号已抽离并默认配置为 11px
  ✅ [PASS] 交互气泡向上避让偏移量为有效数值
  ✅ [PASS] QUEST_BANNER_CONFIG 支持动态调整文字大小
  ✅ [PASS] 凡间主角基础移速与配置一致 (实际: 2)
  ✅ [PASS] 动态修改 PLAYER_MORTAL_SPEED 后玩家移速立即响应
  ✅ [PASS] 天界金甲神将基础移速与配置一致 (实际: 2.6)
  ✅ [PASS] 天界雪龙马移速加成提升至 +60%
  ✅ [PASS] 踏火赤焰兽移速加成提升至 +65%
  ✅ [PASS] 避水金睛金骢移速加成提升至 +55%
  ✅ [PASS] 九天翱翔五爪金龙移速加成提升至 +85%
  ✅ [PASS] 骑乘雪龙马时移速飙升至 3.20 (实际: 3.20)
  ✅ [PASS] 东海水下水晶宫享受辟水神诀推力，移速不降反升 (实际: 2.30)
  ✅ [PASS] 龙宫大殿中如履平地疾行无阻 (实际: 2.30)
  ✅ [PASS] 东海之滨浅滩辟水健步如飞 (实际: 2.30)
  ✅ [PASS] 刘家村部署镇山太保刘伯钦
  ✅ [PASS] 初期对白正确映射至 liuboqin_talk
  ✅ [PASS] 初遇对白结束后进入采蘑菇阶段
  ✅ [PASS] 采蘑菇途中点击刘伯钦，主线阶段安全保持
  ✅ [PASS] 采齐2朵蘑菇后推进至待交付阶段
  ✅ [PASS] 交差时正确分发至 liuboqin_mushroom_done
  ✅ [PASS] 交差后成功承接五行山砍柴任务
  ✅ [PASS] 五行山脚砍柴阶段，传送门准予进入五行山两界山脚
  ✅ [PASS] 砍倒4株枯木精后柴木收集齐全
  ✅ [PASS] 交付柴木时正确分发至 liuboqin_wood_done
  ✅ [PASS] 喝汤后进入粮仓除害阶段
  ✅ [PASS] 消灭4只硕鼠后推进至待交差阶段
  ✅ [PASS] 除鼠交差正确分发至 liuboqin_rats_done
  ✅ [PASS] 交差后成功推进至【liujiacun_go_changan】
  ✅ [PASS] 成功穿过东门官道踏入大唐都城长安
  ✅ [PASS] 抵达长安城后主线阶段自动推进至【changan_arrived】
  ✅ [PASS] 长安城部署茶肆阿婆 NPC
  ✅ [PASS] 长安城抵达阶段小地图精准指引茶肆阿婆
  ✅ [PASS] 初入长安向茶肆阿婆打探，正确触发【changan_tea_news】
  ✅ [PASS] 阿婆指路后主线顺利推进至陈塘关海乱【chentang_investigate】
  ✅ [PASS] 奉主线招贤之命，长安城东南门准予通行前往陈塘关

▶️ [测试 40] 天宫到场触发、技能差异化与行囊仙宠操作视图
  ✅ [PASS] 开篇只有太白金星接引主线
  ✅ [PASS] 未受命巡视时天蓬与卷帘均未提前出现
  ✅ [PASS] 花果山人物不会出现在天宫
  ✅ [PASS] 太白交代后进入前往水阁阶段
  ✅ [PASS] 未抵达水阁时天蓬仍不刷新
  ✅ [PASS] 未领出征帅令不能跳过天宫任务去花果山
  ✅ [PASS] 到水阁才触发天蓬与嫦娥事件
  ✅ [PASS] 天蓬事件阶段卷帘仍不出现
  ✅ [PASS] 天蓬战后未到凌霄殿前卷帘仍不出现
  ✅ [PASS] 抵达凌霄殿前才触发卷帘事件
  ✅ [PASS] 小地图与当前任务人物保持一致
  ✅ [PASS] 蘑菇任务未完成不能由村门跳进长安
  ✅ [PASS] 任务面板只引导走向入口，不直接跨地图瞬移
  ✅ [PASS] 未听阿婆讲陈塘海乱前不能越序出关
  ✅ [PASS] 回访阿婆不能把后期主线退回陈塘关
  ✅ [PASS] 旧对白不能把后期主线退回唐皇面圣
  ✅ [PASS] 未听国王委托时公主不提前现身
  ✅ [PASS] 接令后公主才登场，妖王仍隐藏
  ✅ [PASS] 找到公主后妖王才登场且任务标记转移
  ✅ [PASS] 十二种人物绝技各有独立画面效果
  ✅ [PASS] 普通攻击保持独立剑光
  ✅ [PASS] 实际战斗结算回调携带真实技能编号
  ✅ [PASS] 行囊使用分区及可读物品卡片
  ✅ [PASS] 仙宠面板显示独立卡片与气血法力状态
  ✅ [PASS] 初次弹出提示正常创建浮层
  ✅ [PASS] 提示正文正确记录至 dataset
  ✅ [PASS] Toast 浮层右侧包含叉号关闭按钮
  ✅ [PASS] 同内容重复提示出现时自动移除旧条目，绝不重复堆叠
  ✅ [PASS] 不同内容的提示正常共存，不被误删
  ✅ [PASS] 点击叉号立即触发淡出移除

▶️ [测试 41] 战斗全技能与普攻打斗特效全新升级验证 (飘移击打归位、舍生取义电影级演出、雷霆万钧劈雷、飞沙走石落叶吹光古木)
  ✅ [PASS] renderBattleBackdropEffects 全景背景特效函数已注册
  ✅ [PASS] renderBattleCanvasEffects 前景特效函数已注册
  ✅ [PASS] getSkillEffectDuration 技能演出时长配置已注册
  ✅ [PASS] playDashAttackAnimation 冲锋滑步击打归位已注册
  ✅ [PASS] 舍生取义大招享有充足电影级演出时长
  ✅ [PASS] 雷霆万钧享有充足天雷连续劈落时长
  ✅ [PASS] 飞沙走石享有充足狂风撕碎树叶古木时长
  ✅ [PASS] 如来神掌享有充足金刚巨掌压落时长
  ✅ [PASS] 普通攻击具有完整出击、挥砍与归位周期
  ✅ [PASS] 十六种战斗特效已全数注册进队列
  ✅ [PASS] 全景背景特效队列安全绘制无报错 (含舍生取义暗幕、雷霆夜空、飞沙树木)
  ✅ [PASS] 前景打击与法术特效队列安全绘制无报错 (含武器挥击、舍生爆开、神雷轰击)
  ✅ [PASS] 普通攻击出击击打后平滑归位到原位 (偏移归零)
  ✅ [PASS] 攻击者身体倾角完全复位
  ✅ [PASS] 舍生取义大招演出完毕后攻击者安全归位

▶️ [测试 42] 剧情因果、真实目标与战斗演出同步回归
  ✅ [PASS] 贬谪过场交代五百年轮回与唐代苏醒
  ✅ [PASS] 大圣重逢回忆与实际护猴事件一致
  ✅ [PASS] 八戒入队前明确承担强迫翠兰的责任
  ✅ [PASS] 老君收童子交代山下百姓的损失赔偿
  ✅ [PASS] 所有地图声明的对白键均接到真实剧本
  ✅ [PASS] changan_girl_talk 可选话题有进入与告辞出口
  ✅ [PASS] changan_scholar_talk 可选话题有进入与告辞出口
  ✅ [PASS] 三昧真火三目标共用一次法术事件
  ✅ [PASS] 群体事件逐目标伤害与真实扣血一致
  ✅ [PASS] 群体法术保留真实技能身份
  ✅ [PASS] 主角与行动轴继承真实等级
  ✅ [PASS] 一级护体只把实际受益的残血队友交给表现层
  ✅ [PASS] 护体目标元数据与实际增益一致
  ✅ [PASS] 控制未命中也产生明确结果，一次施法不重复演出
  ✅ [PASS] 未命中反馈不伪造封印状态
  ✅ [PASS] 旧档名称字符串转为可执行技能对象
  ✅ [PASS] 旧档同伴实际施法成功，不因字符串技能卡死
  ✅ [PASS] 战斗兼容不改写旧存档原始技能列表
  ✅ [PASS] 敌方雷霆真实消耗法力并按法术结算
  ✅ [PASS] 敌方法力不足时返回普攻决策
  ✅ [PASS] 武器技不误用舍生取义独占的激光大招
  ✅ [PASS] 名称字符串技能保持正确封印视效
  ✅ [PASS] 演出前保留受击者血条，致死攻击不提前消失
  ✅ [PASS] 法术蓄力阶段不提前显示扣血
  ✅ [PASS] 法术命中阶段才提交致死扣血
  ✅ [PASS] 致死演出期间保持原站位
  ✅ [PASS] 闪避不生成命中刀光或大招爆炸
  ✅ [PASS] 回合结束清理临时血条与位移
  ✅ [PASS] 重复阅读心经不重复领取永久加成
  ✅ [PASS] 心经加成在穿装升级等属性重算后仍保留
  ✅ [PASS] 心经领取标记和永久加成可序列化恢复

▶️ [测试 43] 控制到期、毒伤衰减与敌方真实法术
  ✅ [PASS] 单目标控制优先命中玩家选定的第三个敌人
  ✅ [PASS] 选定目标实际受到定身
  ✅ [PASS] 定身受击立即解除
  ✅ [PASS] 毒伤次回合严格按75%衰减
  ✅ [PASS] 第三次毒伤继续衰减为90
  ✅ [PASS] 末次毒伤向下取整67并移除到期毒层
  ✅ [PASS] 封印到期与当回合防御均正常解除
  ✅ [PASS] 定身阻止物理攻击
  ✅ [PASS] 定身允许用药自救
  ✅ [PASS] 封印阻止自身使用药品
  ✅ [PASS] 敌方护体真实加防，不伪装成伤害普攻
  ✅ [PASS] 敌方护体视觉目标与增益目标一致
  ✅ [PASS] 敌方封印真实作用于玩家并反馈状态
  ✅ [PASS] 护体实际提高防御并减少物理伤害
  ✅ [PASS] 乱魂覆盖原指令并实际随机攻击场上单位
  ✅ [PASS] 逃跑成功后立即终止回合，追兵不继续伤害玩家
  ✅ [PASS] 逃跑回调之后无敌方迟到攻击事件
  ✅ [PASS] 法力不足回退真正普攻，不保留法术名或技能伤害加成
  ✅ [PASS] 敌方法术致死也能触发已有神佑复生
  ✅ [PASS] 法术命中结果明确反馈复生而非退场
  ✅ [PASS] 战中替补仙宠正常入场
  ✅ [PASS] 换宠同步等级、战斗属性、抗性和模型，不沿用旧灵宠

▶️ [测试 44] 奖励整批结算、防重领取、永久丹药与真实存档反馈
  ✅ [PASS] 整批奖励满包失败时回滚已尝试堆叠的药品
  ✅ [PASS] 两件装备容量不足时不留下第一件
  ✅ [PASS] 未知奖励道具不造成部分发放
  ✅ [PASS] 奖励数量必须为正整数
  ✅ [PASS] 整批结算保留堆叠容量与装备独立格规则
  ✅ [PASS] 入包失败不发经验银两加成，也不写领取键
  ✅ [PASS] 奖励到账后才写一次性领取标记
  ✅ [PASS] 重复领取不增加物品、银两、经验或属性
  ✅ [PASS] 奖励领取键读档后仍生效
  ✅ [PASS] 错误奖励配置拒绝负数银两
  ✅ [PASS] 永久丹药正常服用
  ✅ [PASS] 永久丹药加成在换装重算后不丢失
  ✅ [PASS] 永久丹药与升级成长叠加
  ✅ [PASS] 永久丹药加成序列化后可恢复
  ✅ [PASS] 老君赠礼满包时不推进章节、不吞奖励，可再次领取
  ✅ [PASS] 老君赠礼成功后推进章节并保存
  ✅ [PASS] 三岭复命满包时保留待领取状态
  ✅ [PASS] 实际道长对白提供复命入口并完成领取
  ✅ [PASS] 本地保存失败不会亮已保存标记
  ✅ [PASS] 手动存档失败不会提示成功
  ✅ [PASS] 旧档明确完成的老君赠礼和三岭支线补齐领取键
  ✅ [PASS] 旧档不根据章节猜测可选心经是否领取

▶️ [测试 45] 战斗胜利/战败彻底清退与序章幽默剧情完整性
  ✅ [PASS] 战斗胜利回调被准确执行
  ✅ [PASS] 战斗实例成功清空
  ✅ [PASS] 游戏暂停状态已解除
  ✅ [PASS] 战斗界面遮罩层彻底隐藏
  ✅ [PASS] 战斗战败回调被准确执行
  ✅ [PASS] 战败后战斗实例成功清空
  ✅ [PASS] 战败后游戏暂停状态已解除
  ✅ [PASS] 战败后神泉抚平气血至满值
  ✅ [PASS] 战败后战斗层彻底隐藏
  ✅ [PASS] 渲染帧自动检测到无存活敌方并瞬时触发endBattle胜利退出
  ✅ [PASS] 序章太白金星对白包含风趣幽默的仙界职场吐槽
  ✅ [PASS] 序章天蓬调戏嫦娥对白幽默机智且人物生动
  ✅ [PASS] 序章天蓬战后对白包含投胎母猪圈神差手滑笑点
  ✅ [PASS] 序章卷帘摔杯对白包含限量版保温杯与针灸扎剑幽默解围

======================================================
🎉 全部自动化测试执行完毕！通过率: 1145/1145 (100.0%)
======================================================

